====================================================================================================
[ablation] run_id=polar_component_full host=default device=cuda torch=2.13.0+cu130 fla_custom_op=1 wall_custom_op=0
[ablation] seeds={'init_seed': 202703, 'data_seed': 202703, 'eval_seed': 1234, 'deterministic_algorithms': False, 'data_order': 'sorted_finewebedu_shards_contiguous_stream'}
====================================================================================================
[ablation] train_steps=1900 (num_chunks=10, batch_size=524288, seq_len=2048)
[ablation] params=378.22M

===ABLATION_CONFIG_JSON===
{"attn_type": "polar", "reg_mode": "baseline", "distractor": false, "memory": true, "window": false, "vocab_size": 50304, "num_hidden_layers": 16, "hidden_size": 1024, "head_dim": 128, "window_size": 1024, "seq_len": 2048, "num_chunks": 10, "batch_size": 524288, "val_tokens": 2097152, "mbs": 4, "cooldown_frac": 0.7, "sketch_dim": 64, "sigr_alpha_on": 0.01, "dist_align_weight_on": 0.01, "mem_chunk": 128, "mem_gamma_bias": 3.9, "mem_beta_bias": 0.0, "mem_kernel": "auto", "fla_custom_op": true, "wall_gate_bias": null, "eval_lengths": [2048, 4096, 8192, 16384, 32768, 65536], "needle_distances": [2048, 4096, 8192, 16384, 32768, 65536], "clean_dataset": "codelion/finepdfs-100M", "val_data": "finewebedu10B/finewebedu_val_*.bin", "num_eval_docs": 16, "num_needle_trials": 16, "needle_val_len": 5, "run_id": "polar_component_full", "num_random_keys": 0, "dist_align_loss_weight": 0.0, "sigr_alpha": 0.0, "attn_window": null, "mem_enabled": true, "runner": "ablation.train", "experiment_group": "polar_components", "comparison_group": "polar_components", "declared_tokens": 1000000000, "enabled": true, "seed": 202703, "init_seed": 202703, "data_seed": 202703, "eval_seed": 1234, "deterministic_algorithms": false, "polar_variant": "full", "num_params": 378220864, "host": "default", "device": "cuda", "runtime": {"git_commit": "b3c56851aed0a75e28a406351768e65452f6877a", "python": "3.12.13", "torch": "2.13.0+cu130", "cuda_runtime": "13.0", "cudnn": 92000, "gpu": "NVIDIA L40S"}}
===END===
step:0/1900 val_loss:10.82584 wall:0.0s step_avg:0.0ms MFU:0.0%
step:125/1900 val_loss:4.47792 wall:1196.1s step_avg:9568.8ms MFU:40.4%
step:250/1900 val_loss:3.95325 wall:2352.9s step_avg:9254.3ms MFU:41.8%
step:375/1900 val_loss:3.75704 wall:3510.6s step_avg:9262.1ms MFU:41.8%
step:500/1900 val_loss:3.63732 wall:4671.9s step_avg:9290.2ms MFU:41.7%
step:625/1900 val_loss:3.54334 wall:5835.1s step_avg:9305.5ms MFU:41.6%
step:750/1900 val_loss:3.47179 wall:6996.3s step_avg:9289.4ms MFU:41.7%
step:875/1900 val_loss:3.42373 wall:8159.0s step_avg:9301.8ms MFU:41.6%
step:1000/1900 val_loss:3.37057 wall:9318.5s step_avg:9275.7ms MFU:41.7%
step:1125/1900 val_loss:3.32731 wall:10480.3s step_avg:9294.7ms MFU:41.6%
step:1250/1900 val_loss:3.29709 wall:11640.7s step_avg:9283.4ms MFU:41.7%
step:1375/1900 val_loss:3.26074 wall:12799.7s step_avg:9271.8ms MFU:41.7%
step:1500/1900 val_loss:3.22953 wall:13960.6s step_avg:9287.2ms MFU:41.7%
step:1625/1900 val_loss:3.20745 wall:15122.0s step_avg:9291.1ms MFU:41.7%
step:1750/1900 val_loss:3.18407 wall:16284.4s step_avg:9299.0ms MFU:41.6%
step:1875/1900 val_loss:3.16922 wall:17444.0s step_avg:9276.9ms MFU:41.7%
step:1900/1900 val_loss:3.16883 wall:17677.0s step_avg:9320.3ms MFU:41.5%

===ABLATION_CURVE_JSON===
[{"step": 0, "wall_s": 0.0, "val_loss": 10.82583999633789, "mfu": 0.0, "step_ms": 0.0, "tok_s": 0.0}, {"step": 125, "wall_s": 1196.099, "val_loss": 4.47792464774102, "mfu": 40.44, "step_ms": 9568.79, "tok_s": 54791.4}, {"step": 250, "wall_s": 2352.885, "val_loss": 3.953249054029584, "mfu": 41.82, "step_ms": 9254.29, "tok_s": 56653.5}, {"step": 375, "wall_s": 3510.646, "val_loss": 3.7570374254137278, "mfu": 41.78, "step_ms": 9262.09, "tok_s": 56605.8}, {"step": 500, "wall_s": 4671.923, "val_loss": 3.6373156225308776, "mfu": 41.66, "step_ms": 9290.21, "tok_s": 56434.5}, {"step": 625, "wall_s": 5835.109, "val_loss": 3.543340854346752, "mfu": 41.59, "step_ms": 9305.49, "tok_s": 56341.8}, {"step": 750, "wall_s": 6996.285, "val_loss": 3.4717949870973825, "mfu": 41.66, "step_ms": 9289.41, "tok_s": 56439.3}, {"step": 875, "wall_s": 8159.008, "val_loss": 3.4237259617075324, "mfu": 41.6, "step_ms": 9301.78, "tok_s": 56364.3}, {"step": 1000, "wall_s": 9318.476, "val_loss": 3.370572372339666, "mfu": 41.72, "step_ms": 9275.74, "tok_s": 56522.5}, {"step": 1125, "wall_s": 10480.314, "val_loss": 3.327305084094405, "mfu": 41.63, "step_ms": 9294.71, "tok_s": 56407.2}, {"step": 1250, "wall_s": 11640.742, "val_loss": 3.297088204883039, "mfu": 41.69, "step_ms": 9283.42, "tok_s": 56475.7}, {"step": 1375, "wall_s": 12799.716, "val_loss": 3.260736315511167, "mfu": 41.74, "step_ms": 9271.79, "tok_s": 56546.6}, {"step": 1500, "wall_s": 13960.617, "val_loss": 3.2295340290293097, "mfu": 41.67, "step_ms": 9287.2, "tok_s": 56452.7}, {"step": 1625, "wall_s": 15122.006, "val_loss": 3.2074470967054367, "mfu": 41.65, "step_ms": 9291.11, "tok_s": 56429.0}, {"step": 1750, "wall_s": 16284.379, "val_loss": 3.1840713704004884, "mfu": 41.62, "step_ms": 9298.99, "tok_s": 56381.2}, {"step": 1875, "wall_s": 17443.994, "val_loss": 3.169216171838343, "mfu": 41.71, "step_ms": 9276.92, "tok_s": 56515.3}, {"step": 1900, "wall_s": 17677.001, "val_loss": 3.168828480876982, "mfu": 41.52, "step_ms": 9320.27, "tok_s": 56252.5}]
===END===
[ablation] training done: 17677.0s, final MFU 41.5%
[ablation] evaluating (clean_ppl / junk_ppl / needle at full context)...

===ABLATION_EVAL_JSON===
{"clean_ppl": {"2048": 2.810235284268856, "4096": 2.6940567567944527, "8192": 2.5339656844735146, "16384": 2.3524847589433193, "32768": 2.2050764802843332, "65536": 2.04721460910514}, "junk_ppl": {"2048": 3.109624207019806, "4096": 3.0870560109615326, "8192": 3.0880794525146484, "16384": 3.101286932826042, "32768": 3.1028616912662983, "65536": 3.1294370647519827}, "needle": {"2048": {"ce": 0.7054968951269984, "acc": 91.25000033527613}, "4096": {"ce": 0.7458361526951194, "acc": 93.75000037252903}, "8192": {"ce": 0.8744100378826261, "acc": 87.50000074505806}, "16384": {"ce": 0.9322039512917399, "acc": 88.75000067055225}, "32768": {"ce": 0.9683916997164488, "acc": 86.25000081956387}, "65536": {"ce": 1.3048153724521399, "acc": 77.50000096857548}}, "needle_baseline": 5.797409951686859, "num_clean_docs": 16, "mfu_final": 41.52, "train_elapsed_s": 17677.001, "num_params": 378220864, "train_steps": 1900}
===END===
[ablation] eval:
  clean_ppl(nats): {2048: 2.810235284268856, 4096: 2.6940567567944527, 8192: 2.5339656844735146, 16384: 2.3524847589433193, 32768: 2.2050764802843332, 65536: 2.04721460910514}
  junk_ppl(nats):  {2048: 3.109624207019806, 4096: 3.0870560109615326, 8192: 3.0880794525146484, 16384: 3.101286932826042, 32768: 3.1028616912662983, 65536: 3.1294370647519827}
  needle:          {2048: 91.3, 4096: 93.8, 8192: 87.5, 16384: 88.8, 32768: 86.3, 65536: 77.5}
  needle_baseline CE: 5.797409951686859
[ablation] DONE
