====================================================================================================
[open-baseline] model=HuggingFaceTB/SmolLM2-360M host=modal device=cuda torch=2.8.0+cu129
====================================================================================================

===ABLATION_CONFIG_JSON===
{"run_id": "open__HuggingFaceTB__SmolLM2-360M", "attn_type": "open", "reg_mode": "pretrained", "distractor": false, "memory": false, "window": false, "model_id": "HuggingFaceTB/SmolLM2-360M", "source": "huggingface", "eval_lengths": [2048, 4096, 8192, 16384, 32768, 65536], "needle_distances": [2048, 4096, 8192, 16384, 32768, 65536], "clean_dataset": "codelion/finepdfs-100M", "clean_dataset_config": null, "clean_split": "train", "junk_bin": "finewebedu10B/finewebedu_val_*.bin", "normalizer_tokenizer": "gpt2", "num_eval_docs": 16, "num_needle_trials": 16, "needle_val_len": 5, "chunk_size": 2048, "dtype": "auto", "attn_implementation": "sdpa", "trust_remote_code": false, "respect_model_max": false, "model_context_limit": 8192, "num_params": 361821120, "host": "modal", "device": "cuda"}
===END===

===ABLATION_CURVE_JSON===
[]
===END===

===ABLATION_EVAL_JSON===
{"clean_ppl": {"2048": 1.9870388954877853, "4096": 1.8228472340852022, "8192": 1.7225179369561374, "16384": 2.9590664959978312, "32768": 4.763575155637227, "65536": 6.035509525041562}, "clean_bpb": {"2048": 0.6896137426104274, "4096": 0.6526604895225521, "8192": 0.6403534851329316, "16384": 1.1229952946548512, "32768": 1.857555475861297, "65536": 2.374791481203509}, "clean_bits_per_gpt2_token": {"2048": 2.4313007544693903, "4096": 2.2329131671662994, "8192": 2.2182311518139057, "16384": 3.587516780222631, "32768": 5.735828246073612, "65536": 6.716910484023933}, "junk_ppl": {"2048": 2.464520588517189, "4096": 2.488648369908333, "8192": 2.425325218588114, "16384": 3.883596164174378, "32768": 5.878123624715954, "65536": 7.0407790711615235}, "junk_bpb": {"2048": 0.7552234125358062, "4096": 0.7938739113424816, "8192": 0.7988280101012518, "16384": 1.2387497906331262, "32768": 1.8632449841247478, "65536": 2.252276589006526}, "junk_bits_per_gpt2_token": {"2048": 3.5772764239583292, "4096": 3.659831337190021, "8192": 3.6066777774542937, "16384": 5.717792304823963, "32768": 8.691320086349267, "65536": 10.373633031888383}, "needle": {"2048": {"ce": 0.06447623943677172, "acc": 100.0, "trials": 16}, "4096": {"ce": 0.04364828753750771, "acc": 100.0, "trials": 16}, "8192": {"ce": 1.563654188066721, "acc": 59.375, "trials": 16}, "16384": {"ce": 3.410342127084732, "acc": 10.00000019557774, "trials": 16}, "32768": {"ce": 3.5145207941532135, "acc": 11.87500017695129, "trials": 16}, "65536": {"ce": 4.978453651070595, "acc": 8.125000214204192, "trials": 16}}, "needle_baseline": 2.1338025406003, "num_clean_docs": 16, "num_params": 361821120, "train_elapsed_s": 0.0, "eval_elapsed_s": 272.461, "mfu_final": null, "model_context_limit": 8192, "chunk_size": 2048, "effective_dtype": "float16", "effective_attn_implementation": "sdpa", "normalizer_tokenizer": "gpt2"}
===END===
[open-baseline] eval:
  clean_ppl(nats): {2048: 1.9870388954877853, 4096: 1.8228472340852022, 8192: 1.7225179369561374, 16384: 2.9590664959978312, 32768: 4.763575155637227, 65536: 6.035509525041562}
  clean_bits/GPT2tok: {2048: 2.4313007544693903, 4096: 2.2329131671662994, 8192: 2.2182311518139057, 16384: 3.587516780222631, 32768: 5.735828246073612, 65536: 6.716910484023933}
  clean_bits/byte: {2048: 0.6896137426104274, 4096: 0.6526604895225521, 8192: 0.6403534851329316, 16384: 1.1229952946548512, 32768: 1.857555475861297, 65536: 2.374791481203509}
  junk_ppl(nats):  {2048: 2.464520588517189, 4096: 2.488648369908333, 8192: 2.425325218588114, 16384: 3.883596164174378, 32768: 5.878123624715954, 65536: 7.0407790711615235}
  junk_bits/GPT2tok:  {2048: 3.5772764239583292, 4096: 3.659831337190021, 8192: 3.6066777774542937, 16384: 5.717792304823963, 32768: 8.691320086349267, 65536: 10.373633031888383}
  junk_bits/byte:  {2048: 0.7552234125358062, 4096: 0.7938739113424816, 8192: 0.7988280101012518, 16384: 1.2387497906331262, 32768: 1.8632449841247478, 65536: 2.252276589006526}
  needle:          {2048: 100.0, 4096: 100.0, 8192: 59.4, 16384: 10.0, 32768: 11.9, 65536: 8.1}
  needle_baseline CE: 2.1338025406003
[open-baseline] DONE
