====================================================================================================
[open-baseline] model=LiquidAI/LFM2.5-350M-Base host=modal device=cuda torch=2.8.0+cu129
====================================================================================================

===ABLATION_CONFIG_JSON===
{"run_id": "open__LiquidAI__LFM2.5-350M-Base", "attn_type": "open", "reg_mode": "pretrained", "distractor": false, "memory": false, "window": false, "model_id": "LiquidAI/LFM2.5-350M-Base", "source": "huggingface", "eval_lengths": [2048, 4096, 8192, 16384, 32768, 65536], "needle_distances": [2048, 4096, 8192, 16384, 32768, 65536], "clean_dataset": "codelion/finepdfs-100M", "clean_dataset_config": null, "clean_split": "train", "junk_bin": "finewebedu10B/finewebedu_val_*.bin", "normalizer_tokenizer": "gpt2", "num_eval_docs": 16, "num_needle_trials": 16, "needle_val_len": 5, "chunk_size": 2048, "dtype": "auto", "attn_implementation": "sdpa", "trust_remote_code": false, "respect_model_max": false, "model_context_limit": 128000, "num_params": 354483968, "host": "modal", "device": "cuda"}
===END===

===ABLATION_CURVE_JSON===
[]
===END===

===ABLATION_EVAL_JSON===
{"clean_ppl": {"2048": 3.1752991750836372, "4096": 4.744563672691584, "8192": 5.82254427857697, "16384": 6.269915995188057, "32768": 6.549861541483551, "65536": 6.6320077429991215}, "clean_bpb": {"2048": 1.1003183238584524, "4096": 1.6451557503155627, "8192": 2.0642223070731607, "16384": 2.2478608288315716, "32768": 2.4012219241173063, "65536": 2.448153364926885}, "clean_bits_per_gpt2_token": {"2048": 3.7861585243288403, "4096": 5.605288005267347, "8192": 7.187505485215476, "16384": 7.16424608473942, "32768": 7.2638157578712255, "65536": 6.902995780450402}, "junk_ppl": {"2048": 4.0573961436748505, "4096": 5.98750925809145, "8192": 6.845009118318558, "16384": 7.40478297509253, "32768": 7.578060910105705, "65536": 7.7285528047941625}, "junk_bpb": {"2048": 1.230515422059067, "4096": 1.8624238158433495, "8192": 2.1969831042943926, "16384": 2.306847263828634, "32768": 2.3548847810186047, "65536": 2.4130817604428394}, "junk_bits_per_gpt2_token": {"2048": 5.818427560508502, "4096": 8.586528026073228, "8192": 9.896931389378565, "16384": 10.64261072403917, "32768": 10.976146107378655, "65536": 11.11064447707546}, "needle": {"2048": {"ce": 2.9695991575717926, "acc": 45.625000447034836, "trials": 16}, "4096": {"ce": 3.621299311518669, "acc": 43.750000558793545, "trials": 16}, "8192": {"ce": 3.0631315112113953, "acc": 48.125000298023224, "trials": 16}, "16384": {"ce": 3.319047212600708, "acc": 49.37500059604645, "trials": 16}, "32768": {"ce": 3.347211092710495, "acc": 38.125000428408384, "trials": 16}, "65536": {"ce": 3.3670357316732407, "acc": 46.250000689178705, "trials": 16}}, "needle_baseline": 3.153265118598938, "num_clean_docs": 16, "num_params": 354483968, "train_elapsed_s": 0.0, "eval_elapsed_s": 105.45, "mfu_final": null, "model_context_limit": 128000, "chunk_size": 2048, "effective_dtype": "float16", "effective_attn_implementation": "sdpa", "normalizer_tokenizer": "gpt2"}
===END===
[open-baseline] eval:
  clean_ppl(nats): {2048: 3.1752991750836372, 4096: 4.744563672691584, 8192: 5.82254427857697, 16384: 6.269915995188057, 32768: 6.549861541483551, 65536: 6.6320077429991215}
  clean_bits/GPT2tok: {2048: 3.7861585243288403, 4096: 5.605288005267347, 8192: 7.187505485215476, 16384: 7.16424608473942, 32768: 7.2638157578712255, 65536: 6.902995780450402}
  clean_bits/byte: {2048: 1.1003183238584524, 4096: 1.6451557503155627, 8192: 2.0642223070731607, 16384: 2.2478608288315716, 32768: 2.4012219241173063, 65536: 2.448153364926885}
  junk_ppl(nats):  {2048: 4.0573961436748505, 4096: 5.98750925809145, 8192: 6.845009118318558, 16384: 7.40478297509253, 32768: 7.578060910105705, 65536: 7.7285528047941625}
  junk_bits/GPT2tok:  {2048: 5.818427560508502, 4096: 8.586528026073228, 8192: 9.896931389378565, 16384: 10.64261072403917, 32768: 10.976146107378655, 65536: 11.11064447707546}
  junk_bits/byte:  {2048: 1.230515422059067, 4096: 1.8624238158433495, 8192: 2.1969831042943926, 16384: 2.306847263828634, 32768: 2.3548847810186047, 65536: 2.4130817604428394}
  needle:          {2048: 45.6, 4096: 43.8, 8192: 48.1, 16384: 49.4, 32768: 38.1, 65536: 46.3}
  needle_baseline CE: 3.153265118598938
[open-baseline] DONE
