====================================================================================================
[open-baseline] model=google/gemma-3-270m host=modal device=cuda torch=2.8.0+cu129
====================================================================================================

===ABLATION_CONFIG_JSON===
{"run_id": "open__google__gemma-3-270m", "attn_type": "open", "reg_mode": "pretrained", "distractor": false, "memory": false, "window": false, "model_id": "google/gemma-3-270m", "source": "huggingface", "eval_lengths": [2048, 4096, 8192, 16384, 32768, 65536], "needle_distances": [2048, 4096, 8192, 16384, 32768, 65536], "clean_dataset": "codelion/finepdfs-100M", "clean_dataset_config": null, "clean_split": "train", "junk_bin": "finewebedu10B/finewebedu_val_*.bin", "normalizer_tokenizer": "gpt2", "num_eval_docs": 16, "num_needle_trials": 16, "needle_val_len": 5, "chunk_size": 2048, "dtype": "auto", "attn_implementation": "sdpa", "trust_remote_code": false, "respect_model_max": false, "model_context_limit": 32768, "num_params": 268098176, "host": "modal", "device": "cuda"}
===END===

===ABLATION_CURVE_JSON===
[]
===END===

===ABLATION_EVAL_JSON===
{"clean_ppl": {"2048": 2.479641079902649, "4096": 2.1622412241995335, "8192": 2.0395829118788242, "16384": 1.908106386428699, "32768": 1.8092825345811434, "65536": 1.904194659058703}, "clean_bpb": {"2048": 0.7981855446337265, "4096": 0.7221840485686455, "8192": 0.7141605897542881, "16384": 0.690370662738902, "32768": 0.6753689682200357, "65536": 0.7241988141997177}, "clean_bits_per_gpt2_token": {"2048": 2.8916136425663765, "4096": 2.5256545593603077, "8192": 2.508154098288707, "16384": 2.277418137695969, "32768": 2.1271501258014487, "65536": 2.178258862123975}, "junk_ppl": {"2048": 3.2266227453947067, "4096": 3.099104806780815, "8192": 2.970362041145563, "16384": 2.9716542921960354, "32768": 2.944728705100715, "65536": 3.159154115244746}, "junk_bpb": {"2048": 0.9684278951540572, "4096": 0.9655440820794727, "8192": 0.9541405583876971, "16384": 0.9240487652602635, "32768": 0.9112824504134976, "65536": 0.9863746280880625}, "junk_bits_per_gpt2_token": {"2048": 4.58672448093037, "4096": 4.452515517282161, "8192": 4.303582138077666, "16384": 4.264756298558691, "32768": 4.247300459940602, "65536": 4.542283221692169}, "needle": {"2048": {"ce": 0.22730175778269768, "acc": 96.24999985098839, "trials": 16}, "4096": {"ce": 0.27774801617488265, "acc": 96.24999947845936, "trials": 16}, "8192": {"ce": 0.40198248345404863, "acc": 92.5000000745058, "trials": 16}, "16384": {"ce": 0.5007438543252647, "acc": 89.37499970197678, "trials": 16}, "32768": {"ce": 1.083150108344853, "acc": 75.00000074505806, "trials": 16}, "65536": {"ce": 2.749462276697159, "acc": 24.37500050291419, "trials": 16}}, "needle_baseline": 2.316663958132267, "num_clean_docs": 16, "num_params": 268098176, "train_elapsed_s": 0.0, "eval_elapsed_s": 252.545, "mfu_final": null, "model_context_limit": 32768, "chunk_size": 2048, "effective_dtype": "float32", "effective_attn_implementation": "sdpa", "normalizer_tokenizer": "gpt2"}
===END===
[open-baseline] eval:
  clean_ppl(nats): {2048: 2.479641079902649, 4096: 2.1622412241995335, 8192: 2.0395829118788242, 16384: 1.908106386428699, 32768: 1.8092825345811434, 65536: 1.904194659058703}
  clean_bits/GPT2tok: {2048: 2.8916136425663765, 4096: 2.5256545593603077, 8192: 2.508154098288707, 16384: 2.277418137695969, 32768: 2.1271501258014487, 65536: 2.178258862123975}
  clean_bits/byte: {2048: 0.7981855446337265, 4096: 0.7221840485686455, 8192: 0.7141605897542881, 16384: 0.690370662738902, 32768: 0.6753689682200357, 65536: 0.7241988141997177}
  junk_ppl(nats):  {2048: 3.2266227453947067, 4096: 3.099104806780815, 8192: 2.970362041145563, 16384: 2.9716542921960354, 32768: 2.944728705100715, 65536: 3.159154115244746}
  junk_bits/GPT2tok:  {2048: 4.58672448093037, 4096: 4.452515517282161, 8192: 4.303582138077666, 16384: 4.264756298558691, 32768: 4.247300459940602, 65536: 4.542283221692169}
  junk_bits/byte:  {2048: 0.9684278951540572, 4096: 0.9655440820794727, 8192: 0.9541405583876971, 16384: 0.9240487652602635, 32768: 0.9112824504134976, 65536: 0.9863746280880625}
  needle:          {2048: 96.2, 4096: 96.2, 8192: 92.5, 16384: 89.4, 32768: 75.0, 65536: 24.4}
  needle_baseline CE: 2.316663958132267
[open-baseline] DONE
