====================================================================================================
[open-baseline] model=LiquidAI/LFM2.5-230M-Base host=modal device=cuda torch=2.8.0+cu129
====================================================================================================

===ABLATION_CONFIG_JSON===
{"run_id": "open__LiquidAI__LFM2.5-230M-Base", "attn_type": "open", "reg_mode": "pretrained", "distractor": false, "memory": false, "window": false, "model_id": "LiquidAI/LFM2.5-230M-Base", "source": "huggingface", "eval_lengths": [2048, 4096, 8192, 16384, 32768, 65536], "needle_distances": [2048, 4096, 8192, 16384, 32768, 65536], "clean_dataset": "codelion/finepdfs-100M", "clean_dataset_config": null, "clean_split": "train", "junk_bin": "finewebedu10B/finewebedu_val_*.bin", "normalizer_tokenizer": "gpt2", "num_eval_docs": 16, "num_needle_trials": 16, "needle_val_len": 5, "chunk_size": 2048, "dtype": "auto", "attn_implementation": "sdpa", "trust_remote_code": false, "respect_model_max": false, "model_context_limit": 128000, "num_params": 229693184, "host": "modal", "device": "cuda"}
===END===

===ABLATION_CURVE_JSON===
[]
===END===

===ABLATION_EVAL_JSON===
{"clean_ppl": {"2048": 3.011964090168476, "4096": 4.590013612061739, "8192": 5.683555426076055, "16384": 6.192346421070397, "32768": 6.471750544849783, "65536": 6.686571300262585}, "clean_bpb": {"2048": 1.043718747896797, "4096": 1.591566223754827, "8192": 2.0149476470551164, "16384": 2.220050949512286, "32768": 2.372585923731079, "65536": 2.4682950718568772}, "clean_bits_per_gpt2_token": {"2048": 3.5914012778538766, "4096": 5.422700593478991, "8192": 7.015933902083044, "16384": 7.075612119293336, "32768": 7.1771904323406215, "65536": 6.959788839227158}, "junk_ppl": {"2048": 3.742664620280266, "4096": 5.785511679947376, "8192": 6.520017556846142, "16384": 7.142212674021721, "32768": 7.370265405625105, "65536": 7.659291691146791}, "junk_bpb": {"2048": 1.1350645516901676, "4096": 1.799592163471405, "8192": 2.0926733864764357, "16384": 2.22503649176575, "32768": 2.2903122634748487, "65536": 2.3914494911322164}, "junk_bits_per_gpt2_token": {"2048": 5.367093131965054, "4096": 8.296848663391811, "8192": 9.427038781432763, "16384": 10.2651504734333, "32768": 10.675172831405908, "65536": 11.011053082466846}, "needle": {"2048": {"ce": 3.0397953242063522, "acc": 38.125000428408384, "trials": 16}, "4096": {"ce": 2.96910959482193, "acc": 40.62500027939677, "trials": 16}, "8192": {"ce": 3.0224637389183044, "acc": 45.00000048428774, "trials": 16}, "16384": {"ce": 3.280981481075287, "acc": 37.50000046566129, "trials": 16}, "32768": {"ce": 3.182877868413925, "acc": 38.12500024214387, "trials": 16}, "65536": {"ce": 4.085572361946106, "acc": 19.375000149011612, "trials": 16}}, "needle_baseline": 2.9601712822914124, "num_clean_docs": 16, "num_params": 229693184, "train_elapsed_s": 0.0, "eval_elapsed_s": 97.178, "mfu_final": null, "model_context_limit": 128000, "chunk_size": 2048, "effective_dtype": "float16", "effective_attn_implementation": "sdpa", "normalizer_tokenizer": "gpt2"}
===END===
[open-baseline] eval:
  clean_ppl(nats): {2048: 3.011964090168476, 4096: 4.590013612061739, 8192: 5.683555426076055, 16384: 6.192346421070397, 32768: 6.471750544849783, 65536: 6.686571300262585}
  clean_bits/GPT2tok: {2048: 3.5914012778538766, 4096: 5.422700593478991, 8192: 7.015933902083044, 16384: 7.075612119293336, 32768: 7.1771904323406215, 65536: 6.959788839227158}
  clean_bits/byte: {2048: 1.043718747896797, 4096: 1.591566223754827, 8192: 2.0149476470551164, 16384: 2.220050949512286, 32768: 2.372585923731079, 65536: 2.4682950718568772}
  junk_ppl(nats):  {2048: 3.742664620280266, 4096: 5.785511679947376, 8192: 6.520017556846142, 16384: 7.142212674021721, 32768: 7.370265405625105, 65536: 7.659291691146791}
  junk_bits/GPT2tok:  {2048: 5.367093131965054, 4096: 8.296848663391811, 8192: 9.427038781432763, 16384: 10.2651504734333, 32768: 10.675172831405908, 65536: 11.011053082466846}
  junk_bits/byte:  {2048: 1.1350645516901676, 4096: 1.799592163471405, 8192: 2.0926733864764357, 16384: 2.22503649176575, 32768: 2.2903122634748487, 65536: 2.3914494911322164}
  needle:          {2048: 38.1, 4096: 40.6, 8192: 45.0, 16384: 37.5, 32768: 38.1, 65536: 19.4}
  needle_baseline CE: 2.9601712822914124
[open-baseline] DONE
