[run] benchmark=longdoc model=/home/sagemaker-user/.cache/huggingface/hub/models--ChavyvAkvar--atma-10b-L40S-mbs16-raven-native__reg-baseline__distr-0__mem-0__win-0/snapshots/875d1c6ab0603a8302a168736c2d9cab179b01c3 tasks=[] lengths=['2k', '4k', '8k', '16k', '32k', '64k', '128k', '256k'] samples=100
Warning: You are sending unauthenticated requests to the HF Hub. Please set a HF_TOKEN to enable higher rate limits and faster downloads.
causal-conv1d kernel not available, using PyTorch fallback
[transformers] Token indices sequence length is longer than the specified maximum sequence length for this model (627620 > 262400). Running this sequence through the model will result in indexing errors
[longdoc] selected 1/8 from emozilla/pg19 after scanning 22 rows
[longdoc] selected 2/8 from emozilla/pg19 after scanning 38 rows
[longdoc] selected 3/8 from emozilla/pg19 after scanning 62 rows
[longdoc] selected 4/8 from emozilla/pg19 after scanning 81 rows
[longdoc] selected 5/8 from emozilla/pg19 after scanning 92 rows
[longdoc]       pg19 context=   2k docs=5 nll=3.4161 bpb=1.2519
[longdoc]       pg19 context=   4k docs=5 nll=3.4195 bpb=1.2532
[longdoc]       pg19 context=   8k docs=5 nll=3.4029 bpb=1.2471
[longdoc]       pg19 context=  16k docs=5 nll=3.4167 bpb=1.2521
[longdoc]       pg19 context=  32k docs=5 nll=3.4171 bpb=1.2523
[longdoc]       pg19 context=  64k docs=5 nll=3.4259 bpb=1.2555
[longdoc]       pg19 context= 128k docs=5 nll=3.4393 bpb=1.2604
[longdoc]       pg19 context= 256k docs=5 nll=3.4460 bpb=1.2629
[longdoc] selected 1/8 from hoskinson-center/proof-pile after scanning 20081 rows
[longdoc] selected 2/8 from hoskinson-center/proof-pile after scanning 22803 rows
[longdoc] selected 3/8 from hoskinson-center/proof-pile after scanning 32629 rows
[longdoc] selected 4/8 from hoskinson-center/proof-pile after scanning 41384 rows
[longdoc] selected 5/8 from hoskinson-center/proof-pile after scanning 44492 rows
[longdoc] proof_pile context=   2k docs=5 nll=4.0985 bpb=2.3374
[longdoc] proof_pile context=   4k docs=5 nll=4.1236 bpb=2.3517
[longdoc] proof_pile context=   8k docs=5 nll=4.1458 bpb=2.3644
[longdoc] proof_pile context=  16k docs=5 nll=4.1891 bpb=2.3891
[longdoc] proof_pile context=  32k docs=5 nll=4.2152 bpb=2.4040
[longdoc] proof_pile context=  64k docs=5 nll=4.2337 bpb=2.4145
[longdoc] proof_pile context= 128k docs=5 nll=4.2542 bpb=2.4262
[longdoc] proof_pile context= 256k docs=5 nll=4.2727 bpb=2.4368
[longdoc] selected 1/8 from codelion/finepdfs-1B after scanning 1798 rows
[longdoc] selected 2/8 from codelion/finepdfs-1B after scanning 5936 rows
[longdoc] selected 3/8 from codelion/finepdfs-1B after scanning 8638 rows
[longdoc] selected 4/8 from codelion/finepdfs-1B after scanning 16812 rows
[longdoc] selected 5/8 from codelion/finepdfs-1B after scanning 17777 rows
[longdoc] selected 6/8 from codelion/finepdfs-1B after scanning 20727 rows
[longdoc] selected 7/8 from codelion/finepdfs-1B after scanning 24585 rows
[longdoc] selected 8/8 from codelion/finepdfs-1B after scanning 24626 rows
[longdoc]   finepdfs context=   2k docs=8 nll=1.4188 bpb=1.1529
[longdoc]   finepdfs context=   4k docs=8 nll=1.3596 bpb=1.1049
[longdoc]   finepdfs context=   8k docs=8 nll=1.3610 bpb=1.1060
[longdoc]   finepdfs context=  16k docs=8 nll=1.3512 bpb=1.0980
[longdoc]   finepdfs context=  32k docs=8 nll=1.3412 bpb=1.0898
[longdoc]   finepdfs context=  64k docs=8 nll=1.3493 bpb=1.0964
[longdoc]   finepdfs context= 128k docs=8 nll=1.3473 bpb=1.0948
[longdoc]   finepdfs context= 256k docs=8 nll=1.3434 bpb=1.0916
[run] done in 257.4s -> /home/sagemaker-user/atma/benchmarks/logs/atma_10b/longdoc_longdoc_fixed_target_raven_native_1582d200f4.log
