[run] benchmark=longdoc model=/home/sagemaker-user/.cache/huggingface/hub/models--ChavyvAkvar--atma-10b-L40S-mbs16-polar__reg-baseline__distr-0__mem-1__win-0/snapshots/faa10ea68590d57c0869c9dd6d38f40c476cff5d tasks=[] lengths=['2k', '4k', '8k', '16k', '32k', '64k', '128k', '256k'] samples=100
Warning: You are sending unauthenticated requests to the HF Hub. Please set a HF_TOKEN to enable higher rate limits and faster downloads.
causal-conv1d kernel not available, using PyTorch fallback
[transformers] Token indices sequence length is longer than the specified maximum sequence length for this model (627620 > 262400). Running this sequence through the model will result in indexing errors
[longdoc] selected 1/8 from emozilla/pg19 after scanning 22 rows
[longdoc] selected 2/8 from emozilla/pg19 after scanning 38 rows
[longdoc] selected 3/8 from emozilla/pg19 after scanning 62 rows
[longdoc] selected 4/8 from emozilla/pg19 after scanning 81 rows
[longdoc] selected 5/8 from emozilla/pg19 after scanning 92 rows
[longdoc]       pg19 context=   2k docs=5 nll=3.3444 bpb=1.2256
[longdoc]       pg19 context=   4k docs=5 nll=3.3400 bpb=1.2240
[longdoc]       pg19 context=   8k docs=5 nll=3.3308 bpb=1.2207
[longdoc]       pg19 context=  16k docs=5 nll=3.3547 bpb=1.2294
[longdoc]       pg19 context=  32k docs=5 nll=3.4364 bpb=1.2593
[longdoc]       pg19 context=  64k docs=5 nll=3.5111 bpb=1.2867
[longdoc]       pg19 context= 128k docs=5 nll=3.6323 bpb=1.3311
[longdoc]       pg19 context= 256k docs=5 nll=3.7502 bpb=1.3744
[longdoc] selected 1/8 from hoskinson-center/proof-pile after scanning 20081 rows
[longdoc] selected 2/8 from hoskinson-center/proof-pile after scanning 22803 rows
[longdoc] selected 3/8 from hoskinson-center/proof-pile after scanning 32629 rows
[longdoc] selected 4/8 from hoskinson-center/proof-pile after scanning 41384 rows
[longdoc] selected 5/8 from hoskinson-center/proof-pile after scanning 44492 rows
[longdoc] proof_pile context=   2k docs=5 nll=3.8242 bpb=2.1810
[longdoc] proof_pile context=   4k docs=5 nll=3.8403 bpb=2.1901
[longdoc] proof_pile context=   8k docs=5 nll=3.6244 bpb=2.0670
[longdoc] proof_pile context=  16k docs=5 nll=3.6547 bpb=2.0843
[longdoc] proof_pile context=  32k docs=5 nll=3.8719 bpb=2.2082
[longdoc] proof_pile context=  64k docs=5 nll=4.0468 bpb=2.3079
[longdoc] proof_pile context= 128k docs=5 nll=4.3607 bpb=2.4869
[longdoc] proof_pile context= 256k docs=5 nll=4.7046 bpb=2.6830
[longdoc] selected 1/8 from codelion/finepdfs-1B after scanning 1798 rows
[longdoc] selected 2/8 from codelion/finepdfs-1B after scanning 5936 rows
[longdoc] selected 3/8 from codelion/finepdfs-1B after scanning 8638 rows
[longdoc] selected 4/8 from codelion/finepdfs-1B after scanning 16812 rows
[longdoc] selected 5/8 from codelion/finepdfs-1B after scanning 17777 rows
[longdoc] selected 6/8 from codelion/finepdfs-1B after scanning 20727 rows
[longdoc] selected 7/8 from codelion/finepdfs-1B after scanning 24585 rows
[longdoc] selected 8/8 from codelion/finepdfs-1B after scanning 24626 rows
[longdoc]   finepdfs context=   2k docs=8 nll=1.1640 bpb=0.9459
[longdoc]   finepdfs context=   4k docs=8 nll=1.1235 bpb=0.9129
[longdoc]   finepdfs context=   8k docs=8 nll=1.1435 bpb=0.9292
[longdoc]   finepdfs context=  16k docs=8 nll=1.1548 bpb=0.9384
[longdoc]   finepdfs context=  32k docs=8 nll=1.2704 bpb=1.0324
[longdoc]   finepdfs context=  64k docs=8 nll=1.3692 bpb=1.1126
[longdoc]   finepdfs context= 128k docs=8 nll=1.5402 bpb=1.2516
[longdoc]   finepdfs context= 256k docs=8 nll=1.7462 bpb=1.4190
[run] done in 297.9s -> /home/sagemaker-user/atma/benchmarks/logs/atma_10b/longdoc_longdoc_fixed_target_polar_179465a695.log
