[run] benchmark=retrieval model=/home/sagemaker-user/.cache/huggingface/hub/models--ChavyvAkvar--atma-10b-L40S-mbs16-polar__reg-baseline__distr-0__mem-1__win-0/snapshots/faa10ea68590d57c0869c9dd6d38f40c476cff5d tasks=['passkey', 'niah'] lengths=['2k', '4k', '8k', '16k', '32k', '64k', '128k', '256k'] samples=50
[retrieval] passkey len=  2k depth= 0.1: token_acc=99.6% exact=98.0% nll=0.2036
[retrieval] passkey len=  2k depth= 0.5: token_acc=100.0% exact=100.0% nll=0.1561
[retrieval] passkey len=  2k depth= 0.9: token_acc=97.6% exact=88.0% nll=0.1798
[retrieval] passkey len=  4k depth= 0.1: token_acc=52.0% exact=6.0% nll=2.2643
[retrieval] passkey len=  4k depth= 0.5: token_acc=100.0% exact=100.0% nll=0.3397
[retrieval] passkey len=  4k depth= 0.9: token_acc=99.6% exact=98.0% nll=0.2147
[retrieval] passkey len=  8k depth= 0.1: token_acc=33.6% exact=0.0% nll=2.6072
[retrieval] passkey len=  8k depth= 0.5: token_acc=99.6% exact=98.0% nll=0.2490
[retrieval] passkey len=  8k depth= 0.9: token_acc=99.2% exact=96.0% nll=0.3239
[retrieval] passkey len= 16k depth= 0.1: token_acc=3.2% exact=0.0% nll=4.3679
[retrieval] passkey len= 16k depth= 0.5: token_acc=76.0% exact=22.0% nll=1.6953
[retrieval] passkey len= 16k depth= 0.9: token_acc=72.8% exact=22.0% nll=1.6846
[retrieval] passkey len= 32k depth= 0.1: token_acc=40.4% exact=0.0% nll=2.9178
[retrieval] passkey len= 32k depth= 0.5: token_acc=50.0% exact=0.0% nll=2.2322
[retrieval] passkey len= 32k depth= 0.9: token_acc=49.2% exact=0.0% nll=2.2564
[retrieval] passkey len= 64k depth= 0.1: token_acc=20.4% exact=0.0% nll=3.6057
[retrieval] passkey len= 64k depth= 0.5: token_acc=9.2% exact=0.0% nll=3.8910
[retrieval] passkey len= 64k depth= 0.9: token_acc=20.0% exact=0.0% nll=3.5257
[retrieval] passkey len=128k depth= 0.1: token_acc=2.0% exact=0.0% nll=4.3241
[retrieval] passkey len=128k depth= 0.5: token_acc=8.8% exact=0.0% nll=4.0004
[retrieval] passkey len=128k depth= 0.9: token_acc=4.4% exact=0.0% nll=4.1219
[retrieval] passkey len=256k depth= 0.1: token_acc=0.0% exact=0.0% nll=5.3044
[retrieval] passkey len=256k depth= 0.5: token_acc=0.0% exact=0.0% nll=4.9049
[retrieval] passkey len=256k depth= 0.9: token_acc=0.4% exact=0.0% nll=4.8711
[retrieval]    niah len=  2k depth= 0.1: token_acc=99.6% exact=98.0% nll=0.1645
[retrieval]    niah len=  2k depth= 0.5: token_acc=99.6% exact=98.0% nll=0.2733
[retrieval]    niah len=  2k depth= 0.9: token_acc=95.2% exact=76.0% nll=0.4687
[retrieval]    niah len=  4k depth= 0.1: token_acc=68.4% exact=10.0% nll=1.5551
[retrieval]    niah len=  4k depth= 0.5: token_acc=99.2% exact=96.0% nll=0.5523
[retrieval]    niah len=  4k depth= 0.9: token_acc=98.8% exact=94.0% nll=0.2865
[retrieval]    niah len=  8k depth= 0.1: token_acc=38.8% exact=2.0% nll=2.4746
[retrieval]    niah len=  8k depth= 0.5: token_acc=98.4% exact=92.0% nll=0.3302
[retrieval]    niah len=  8k depth= 0.9: token_acc=97.6% exact=88.0% nll=0.4686
[retrieval]    niah len= 16k depth= 0.1: token_acc=8.0% exact=0.0% nll=4.3140
[retrieval]    niah len= 16k depth= 0.5: token_acc=62.4% exact=12.0% nll=1.8272
[retrieval]    niah len= 16k depth= 0.9: token_acc=72.4% exact=16.0% nll=1.6087
[retrieval]    niah len= 32k depth= 0.1: token_acc=31.2% exact=0.0% nll=2.7594
[retrieval]    niah len= 32k depth= 0.5: token_acc=36.8% exact=0.0% nll=2.4543
[retrieval]    niah len= 32k depth= 0.9: token_acc=36.4% exact=0.0% nll=2.5891
[retrieval]    niah len= 64k depth= 0.1: token_acc=18.8% exact=0.0% nll=3.5489
[retrieval]    niah len= 64k depth= 0.5: token_acc=8.4% exact=0.0% nll=4.3896
[retrieval]    niah len= 64k depth= 0.9: token_acc=20.8% exact=0.0% nll=3.5511
[retrieval]    niah len=128k depth= 0.1: token_acc=0.8% exact=0.0% nll=4.6256
[retrieval]    niah len=128k depth= 0.5: token_acc=2.8% exact=0.0% nll=4.3179
[retrieval]    niah len=128k depth= 0.9: token_acc=0.4% exact=0.0% nll=4.4294
[retrieval]    niah len=256k depth= 0.1: token_acc=0.0% exact=0.0% nll=5.0641
[retrieval]    niah len=256k depth= 0.5: token_acc=0.4% exact=0.0% nll=4.7689
[retrieval]    niah len=256k depth= 0.9: token_acc=1.2% exact=0.0% nll=4.6476

[retrieval] teacher-forced token accuracy %, per kind (rows=length, cols=depth):
  passkey:
    len     0.1    0.5    0.9
      2k   99.6  100.0   97.6
      4k   52.0  100.0   99.6
      8k   33.6   99.6   99.2
     16k    3.2   76.0   72.8
     32k   40.4   50.0   49.2
     64k   20.4    9.2   20.0
    128k    2.0    8.8    4.4
    256k    0.0    0.0    0.4
  niah:
    len     0.1    0.5    0.9
      2k   99.6   99.6   95.2
      4k   68.4   99.2   98.8
      8k   38.8   98.4   97.6
     16k    8.0   62.4   72.4
     32k   31.2   36.8   36.4
     64k   18.8    8.4   20.8
    128k    0.8    2.8    0.4
    256k    0.0    0.4    1.2

===RETRIEVAL_RESULTS_JSON===
{"benchmark": "retrieval", "protocol": "teacher-forced-needle-v2", "kinds": ["passkey", "niah"], "lengths": ["2k", "4k", "8k", "16k", "32k", "64k", "128k", "256k"], "depths": [0.1, 0.5, 0.9], "num_samples": 50, "value_tokens": 5, "seed": 1234, "paired_across_lengths_and_depths": true, "haystack": "codelion/finepdfs-1B", "haystack_revision": "6fbca6dd53e3e794f607cfe1f5a91c07e17b01ab", "results": {"passkey": {"2k": {"0.1": 99.6, "0.5": 100.0, "0.9": 97.6}, "4k": {"0.1": 52.0, "0.5": 100.0, "0.9": 99.6}, "8k": {"0.1": 33.6, "0.5": 99.6, "0.9": 99.2}, "16k": {"0.1": 3.2, "0.5": 76.0, "0.9": 72.8}, "32k": {"0.1": 40.4, "0.5": 50.0, "0.9": 49.2}, "64k": {"0.1": 20.4, "0.5": 9.2, "0.9": 20.0}, "128k": {"0.1": 2.0, "0.5": 8.8, "0.9": 4.4}, "256k": {"0.1": 0.0, "0.5": 0.0, "0.9": 0.4}}, "niah": {"2k": {"0.1": 99.6, "0.5": 99.6, "0.9": 95.2}, "4k": {"0.1": 68.4, "0.5": 99.2, "0.9": 98.8}, "8k": {"0.1": 38.8, "0.5": 98.4, "0.9": 97.6}, "16k": {"0.1": 8.0, "0.5": 62.4, "0.9": 72.4}, "32k": {"0.1": 31.2, "0.5": 36.8, "0.9": 36.4}, "64k": {"0.1": 18.8, "0.5": 8.4, "0.9": 20.8}, "128k": {"0.1": 0.8, "0.5": 2.8, "0.9": 0.4}, "256k": {"0.1": 0.0, "0.5": 0.4, "0.9": 1.2}}}, "exact_results": {"passkey": {"2k": {"0.1": 98.0, "0.5": 100.0, "0.9": 88.0}, "4k": {"0.1": 6.0, "0.5": 100.0, "0.9": 98.0}, "8k": {"0.1": 0.0, "0.5": 98.0, "0.9": 96.0}, "16k": {"0.1": 0.0, "0.5": 22.0, "0.9": 22.0}, "32k": {"0.1": 0.0, "0.5": 0.0, "0.9": 0.0}, "64k": {"0.1": 0.0, "0.5": 0.0, "0.9": 0.0}, "128k": {"0.1": 0.0, "0.5": 0.0, "0.9": 0.0}, "256k": {"0.1": 0.0, "0.5": 0.0, "0.9": 0.0}}, "niah": {"2k": {"0.1": 98.0, "0.5": 98.0, "0.9": 76.0}, "4k": {"0.1": 10.0, "0.5": 96.0, "0.9": 94.0}, "8k": {"0.1": 2.0, "0.5": 92.0, "0.9": 88.0}, "16k": {"0.1": 0.0, "0.5": 12.0, "0.9": 16.0}, "32k": {"0.1": 0.0, "0.5": 0.0, "0.9": 0.0}, "64k": {"0.1": 0.0, "0.5": 0.0, "0.9": 0.0}, "128k": {"0.1": 0.0, "0.5": 0.0, "0.9": 0.0}, "256k": {"0.1": 0.0, "0.5": 0.0, "0.9": 0.0}}}, "nll_results": {"passkey": {"2k": {"0.1": 0.2036077733039856, "0.5": 0.1560928736925125, "0.9": 0.17975043725967407}, "4k": {"0.1": 2.2642725677490234, "0.5": 0.33968255162239075, "0.9": 0.21465006494522096}, "8k": {"0.1": 2.607208652496338, "0.5": 0.248953777551651, "0.9": 0.32387828636169436}, "16k": {"0.1": 4.36794766998291, "0.5": 1.695267635345459, "0.9": 1.6846135635375976}, "32k": {"0.1": 2.9177644691467286, "0.5": 2.232216678619385, "0.9": 2.25639951133728}, "64k": {"0.1": 3.6056730613708496, "0.5": 3.8910052490234377, "0.9": 3.5257221450805662}, "128k": {"0.1": 4.324148170471191, "0.5": 4.000425453186035, "0.9": 4.12191039276123}, "256k": {"0.1": 5.304387329101562, "0.5": 4.904943817138672, "0.9": 4.871116104125977}}, "niah": {"2k": {"0.1": 0.16452915620803832, "0.5": 0.2733003718852997, "0.9": 0.4687165603637695}, "4k": {"0.1": 1.5550871925354004, "0.5": 0.5522696266174316, "0.9": 0.2864752044677734}, "8k": {"0.1": 2.474571495056152, "0.5": 0.3302426073551178, "0.9": 0.4686055879592895}, "16k": {"0.1": 4.313977615356445, "0.5": 1.8271906452178954, "0.9": 1.6086784782409669}, "32k": {"0.1": 2.7594000244140626, "0.5": 2.4543231658935545, "0.9": 2.5891499252319337}, "64k": {"0.1": 3.548879367828369, "0.5": 4.38959986114502, "0.9": 3.5511427688598634}, "128k": {"0.1": 4.625592086791992, "0.5": 4.317883583068848, "0.9": 4.429444747924805}, "256k": {"0.1": 5.064063537597656, "0.5": 4.768917633056641, "0.9": 4.647597465515137}}}, "oom_cells": [], "elapsed_s": 2935.6, "unsupported_checkpoint": false, "model_config": {"vocab_size": 50304, "num_hidden_layers": 16, "hidden_size": 1024, "head_dim": 128, "attn_kernel_size": 4, "conv_kernel_size": 3, "max_position_embeddings": 2048, "rms_norm_eps": 1e-06, "dtype": "bfloat16", "tie_word_embeddings": false, "num_random_keys": 0, "attn_online": false, "attn_k_block": 512, "attn_kernel": "triton", "attn_type": "polar", "wall_gate_bias": null, "attn_window": null, "mem_enabled": true, "mem_chunk": 128, "mem_gamma_bias": 3.9, "mem_beta_bias": 0.0, "mem_kernel": "auto"}, "model_unsupported": [], "serving_metrics": null}
===END===
[run] done in 2935.6s -> /home/sagemaker-user/atma/benchmarks/logs/atma_10b/retrieval_retrieval_real_polar_fe9a46fcef.log
