[run] benchmark=retrieval model=/home/sagemaker-user/.cache/huggingface/hub/models--ChavyvAkvar--atma-10b-L40S-mbs16-rope__reg-baseline__distr-0__mem-1__win-0/snapshots/de0a2f1c63b0631a040a2d6adac9e2d43fd5c581 tasks=['passkey', 'niah'] lengths=['2k', '4k', '8k', '16k', '32k', '64k', '128k', '256k'] samples=50
[retrieval] passkey len=  2k depth= 0.1: token_acc=73.2% exact=22.0% nll=1.3632
[retrieval] passkey len=  2k depth= 0.5: token_acc=81.6% exact=40.0% nll=1.1005
[retrieval] passkey len=  2k depth= 0.9: token_acc=98.0% exact=90.0% nll=0.4518
[retrieval] passkey len=  4k depth= 0.1: token_acc=75.2% exact=22.0% nll=1.3949
[retrieval] passkey len=  4k depth= 0.5: token_acc=22.4% exact=0.0% nll=3.0102
[retrieval] passkey len=  4k depth= 0.9: token_acc=58.0% exact=4.0% nll=2.0572
[retrieval] passkey len=  8k depth= 0.1: token_acc=57.2% exact=2.0% nll=1.9480
[retrieval] passkey len=  8k depth= 0.5: token_acc=40.4% exact=2.0% nll=2.3731
[retrieval] passkey len=  8k depth= 0.9: token_acc=32.0% exact=0.0% nll=2.8925
[retrieval] passkey len= 16k depth= 0.1: token_acc=3.6% exact=0.0% nll=4.2403
[retrieval] passkey len= 16k depth= 0.5: token_acc=1.2% exact=0.0% nll=3.9660
[retrieval] passkey len= 16k depth= 0.9: token_acc=0.0% exact=0.0% nll=6.5167
[retrieval] passkey len= 32k depth= 0.1: token_acc=20.0% exact=0.0% nll=3.3659
[retrieval] passkey len= 32k depth= 0.5: token_acc=0.0% exact=0.0% nll=5.5386
[retrieval] passkey len= 32k depth= 0.9: token_acc=1.6% exact=0.0% nll=5.3313
[retrieval] passkey len= 64k depth= 0.1: token_acc=0.0% exact=0.0% nll=6.3852
[retrieval] passkey len= 64k depth= 0.5: token_acc=0.8% exact=0.0% nll=6.0012
[retrieval] passkey len= 64k depth= 0.9: token_acc=0.0% exact=0.0% nll=7.0682
[retrieval] passkey len=128k depth= 0.1: token_acc=0.0% exact=0.0% nll=7.9644
[retrieval] passkey len=128k depth= 0.5: token_acc=0.0% exact=0.0% nll=7.6926
[retrieval] passkey len=128k depth= 0.9: token_acc=0.0% exact=0.0% nll=7.9346
[retrieval] passkey len=256k depth= 0.1: token_acc=0.0% exact=0.0% nll=8.7302
[retrieval] passkey len=256k depth= 0.5: token_acc=0.0% exact=0.0% nll=8.3573
[retrieval] passkey len=256k depth= 0.9: token_acc=0.0% exact=0.0% nll=8.3051
[retrieval]    niah len=  2k depth= 0.1: token_acc=64.4% exact=4.0% nll=1.3374
[retrieval]    niah len=  2k depth= 0.5: token_acc=76.4% exact=16.0% nll=1.0447
[retrieval]    niah len=  2k depth= 0.9: token_acc=96.4% exact=82.0% nll=0.5617
[retrieval]    niah len=  4k depth= 0.1: token_acc=48.4% exact=0.0% nll=1.9868
[retrieval]    niah len=  4k depth= 0.5: token_acc=5.2% exact=0.0% nll=3.2794
[retrieval]    niah len=  4k depth= 0.9: token_acc=60.4% exact=0.0% nll=1.8735
[retrieval]    niah len=  8k depth= 0.1: token_acc=36.4% exact=0.0% nll=2.4509
[retrieval]    niah len=  8k depth= 0.5: token_acc=29.2% exact=0.0% nll=2.4751
[retrieval]    niah len=  8k depth= 0.9: token_acc=12.0% exact=0.0% nll=2.5016
[retrieval]    niah len= 16k depth= 0.1: token_acc=0.0% exact=0.0% nll=4.9537
[retrieval]    niah len= 16k depth= 0.5: token_acc=0.0% exact=0.0% nll=4.4108
[retrieval]    niah len= 16k depth= 0.9: token_acc=0.0% exact=0.0% nll=7.0635
[retrieval]    niah len= 32k depth= 0.1: token_acc=19.2% exact=0.0% nll=3.3621
[retrieval]    niah len= 32k depth= 0.5: token_acc=0.0% exact=0.0% nll=6.0786
[retrieval]    niah len= 32k depth= 0.9: token_acc=0.0% exact=0.0% nll=5.4744
[retrieval]    niah len= 64k depth= 0.1: token_acc=0.0% exact=0.0% nll=7.0457
[retrieval]    niah len= 64k depth= 0.5: token_acc=0.0% exact=0.0% nll=7.1751
[retrieval]    niah len= 64k depth= 0.9: token_acc=0.0% exact=0.0% nll=7.7725
[retrieval]    niah len=128k depth= 0.1: token_acc=0.0% exact=0.0% nll=8.7577
[retrieval]    niah len=128k depth= 0.5: token_acc=0.0% exact=0.0% nll=8.1470
[retrieval]    niah len=128k depth= 0.9: token_acc=0.0% exact=0.0% nll=8.3017
[retrieval]    niah len=256k depth= 0.1: token_acc=0.0% exact=0.0% nll=9.1823
[retrieval]    niah len=256k depth= 0.5: token_acc=0.0% exact=0.0% nll=9.0270
[retrieval]    niah len=256k depth= 0.9: token_acc=0.0% exact=0.0% nll=8.8328

[retrieval] teacher-forced token accuracy %, per kind (rows=length, cols=depth):
  passkey:
    len     0.1    0.5    0.9
      2k   73.2   81.6   98.0
      4k   75.2   22.4   58.0
      8k   57.2   40.4   32.0
     16k    3.6    1.2    0.0
     32k   20.0    0.0    1.6
     64k    0.0    0.8    0.0
    128k    0.0    0.0    0.0
    256k    0.0    0.0    0.0
  niah:
    len     0.1    0.5    0.9
      2k   64.4   76.4   96.4
      4k   48.4    5.2   60.4
      8k   36.4   29.2   12.0
     16k    0.0    0.0    0.0
     32k   19.2    0.0    0.0
     64k    0.0    0.0    0.0
    128k    0.0    0.0    0.0
    256k    0.0    0.0    0.0

===RETRIEVAL_RESULTS_JSON===
{"benchmark": "retrieval", "protocol": "teacher-forced-needle-v2", "kinds": ["passkey", "niah"], "lengths": ["2k", "4k", "8k", "16k", "32k", "64k", "128k", "256k"], "depths": [0.1, 0.5, 0.9], "num_samples": 50, "value_tokens": 5, "seed": 1234, "paired_across_lengths_and_depths": true, "haystack": "synthetic-filler", "haystack_revision": null, "results": {"passkey": {"2k": {"0.1": 73.2, "0.5": 81.6, "0.9": 98.0}, "4k": {"0.1": 75.2, "0.5": 22.4, "0.9": 58.0}, "8k": {"0.1": 57.2, "0.5": 40.4, "0.9": 32.0}, "16k": {"0.1": 3.6, "0.5": 1.2, "0.9": 0.0}, "32k": {"0.1": 20.0, "0.5": 0.0, "0.9": 1.6}, "64k": {"0.1": 0.0, "0.5": 0.8, "0.9": 0.0}, "128k": {"0.1": 0.0, "0.5": 0.0, "0.9": 0.0}, "256k": {"0.1": 0.0, "0.5": 0.0, "0.9": 0.0}}, "niah": {"2k": {"0.1": 64.4, "0.5": 76.4, "0.9": 96.4}, "4k": {"0.1": 48.4, "0.5": 5.2, "0.9": 60.4}, "8k": {"0.1": 36.4, "0.5": 29.2, "0.9": 12.0}, "16k": {"0.1": 0.0, "0.5": 0.0, "0.9": 0.0}, "32k": {"0.1": 19.2, "0.5": 0.0, "0.9": 0.0}, "64k": {"0.1": 0.0, "0.5": 0.0, "0.9": 0.0}, "128k": {"0.1": 0.0, "0.5": 0.0, "0.9": 0.0}, "256k": {"0.1": 0.0, "0.5": 0.0, "0.9": 0.0}}}, "exact_results": {"passkey": {"2k": {"0.1": 22.0, "0.5": 40.0, "0.9": 90.0}, "4k": {"0.1": 22.0, "0.5": 0.0, "0.9": 4.0}, "8k": {"0.1": 2.0, "0.5": 2.0, "0.9": 0.0}, "16k": {"0.1": 0.0, "0.5": 0.0, "0.9": 0.0}, "32k": {"0.1": 0.0, "0.5": 0.0, "0.9": 0.0}, "64k": {"0.1": 0.0, "0.5": 0.0, "0.9": 0.0}, "128k": {"0.1": 0.0, "0.5": 0.0, "0.9": 0.0}, "256k": {"0.1": 0.0, "0.5": 0.0, "0.9": 0.0}}, "niah": {"2k": {"0.1": 4.0, "0.5": 16.0, "0.9": 82.0}, "4k": {"0.1": 0.0, "0.5": 0.0, "0.9": 0.0}, "8k": {"0.1": 0.0, "0.5": 0.0, "0.9": 0.0}, "16k": {"0.1": 0.0, "0.5": 0.0, "0.9": 0.0}, "32k": {"0.1": 0.0, "0.5": 0.0, "0.9": 0.0}, "64k": {"0.1": 0.0, "0.5": 0.0, "0.9": 0.0}, "128k": {"0.1": 0.0, "0.5": 0.0, "0.9": 0.0}, "256k": {"0.1": 0.0, "0.5": 0.0, "0.9": 0.0}}}, "nll_results": {"passkey": {"2k": {"0.1": 1.36318736743927, "0.5": 1.1004979147911071, "0.9": 0.4518406012058258}, "4k": {"0.1": 1.3949409618377686, "0.5": 3.0101696090698242, "0.9": 2.0572445011138916}, "8k": {"0.1": 1.9479722595214843, "0.5": 2.3730584354400635, "0.9": 2.892541431427002}, "16k": {"0.1": 4.240337852478027, "0.5": 3.966011516571045, "0.9": 6.516705917358398}, "32k": {"0.1": 3.3658977851867675, "0.5": 5.538624382019043, "0.9": 5.331264625549316}, "64k": {"0.1": 6.385154327392578, "0.5": 6.001184791564941, "0.9": 7.068203353881836}, "128k": {"0.1": 7.964355239868164, "0.5": 7.692573883056641, "0.9": 7.934641403198242}, "256k": {"0.1": 8.730229370117188, "0.5": 8.357327392578124, "0.9": 8.305096252441405}}, "niah": {"2k": {"0.1": 1.3373613967895508, "0.5": 1.044735372543335, "0.9": 0.5616541337966919}, "4k": {"0.1": 1.9867765522003173, "0.5": 3.2793689384460447, "0.9": 1.8734748210906982}, "8k": {"0.1": 2.450900276184082, "0.5": 2.475063808441162, "0.9": 2.501625789642334}, "16k": {"0.1": 4.953741813659668, "0.5": 4.410800590515136, "0.9": 7.063520492553711}, "32k": {"0.1": 3.362107696533203, "0.5": 6.078647811889648, "0.9": 5.474362258911133}, "64k": {"0.1": 7.045670310974121, "0.5": 7.175127525329589, "0.9": 7.7725216674804685}, "128k": {"0.1": 8.757700393676759, "0.5": 8.146999938964843, "0.9": 8.301702117919922}, "256k": {"0.1": 9.182289215087891, "0.5": 9.026954528808593, "0.9": 8.832758438110352}}}, "oom_cells": [], "elapsed_s": 2944.1, "unsupported_checkpoint": false, "model_config": {"vocab_size": 50304, "num_hidden_layers": 16, "hidden_size": 1024, "head_dim": 128, "attn_kernel_size": 4, "conv_kernel_size": 3, "max_position_embeddings": 2048, "rms_norm_eps": 1e-06, "dtype": "bfloat16", "tie_word_embeddings": false, "num_random_keys": 0, "attn_online": false, "attn_k_block": 512, "attn_kernel": "triton", "attn_type": "rope", "wall_gate_bias": null, "attn_window": null, "mem_enabled": true, "mem_chunk": 128, "mem_gamma_bias": 3.9, "mem_beta_bias": 0.0, "mem_kernel": "auto"}, "model_unsupported": [], "serving_metrics": null}
===END===
[run] done in 2944.1s -> /home/sagemaker-user/atma/benchmarks/logs/atma_10b/retrieval_retrieval_synthetic_rope_4380256b52.log
