[run] benchmark=retrieval model=/home/sagemaker-user/.cache/huggingface/hub/models--ChavyvAkvar--atma-10b-L40S-mbs16-raven-native__reg-baseline__distr-0__mem-0__win-0/snapshots/875d1c6ab0603a8302a168736c2d9cab179b01c3 tasks=['passkey', 'niah'] lengths=['2k', '4k', '8k', '16k', '32k', '64k', '128k', '256k'] samples=50
[retrieval] passkey len=  2k depth= 0.1: token_acc=51.6% exact=0.0% nll=1.5715
[retrieval] passkey len=  2k depth= 0.5: token_acc=54.8% exact=0.0% nll=1.5814
[retrieval] passkey len=  2k depth= 0.9: token_acc=59.2% exact=2.0% nll=1.4286
[retrieval] passkey len=  4k depth= 0.1: token_acc=49.2% exact=0.0% nll=1.6768
[retrieval] passkey len=  4k depth= 0.5: token_acc=52.8% exact=0.0% nll=1.7043
[retrieval] passkey len=  4k depth= 0.9: token_acc=60.4% exact=2.0% nll=1.5111
[retrieval] passkey len=  8k depth= 0.1: token_acc=48.4% exact=0.0% nll=1.7516
[retrieval] passkey len=  8k depth= 0.5: token_acc=47.6% exact=0.0% nll=1.8379
[retrieval] passkey len=  8k depth= 0.9: token_acc=47.2% exact=0.0% nll=1.8845
[retrieval] passkey len= 16k depth= 0.1: token_acc=42.8% exact=0.0% nll=2.0088
[retrieval] passkey len= 16k depth= 0.5: token_acc=40.0% exact=0.0% nll=2.0607
[retrieval] passkey len= 16k depth= 0.9: token_acc=51.2% exact=0.0% nll=1.7095
[retrieval] passkey len= 32k depth= 0.1: token_acc=37.2% exact=0.0% nll=2.1572
[retrieval] passkey len= 32k depth= 0.5: token_acc=37.6% exact=0.0% nll=2.0630
[retrieval] passkey len= 32k depth= 0.9: token_acc=49.2% exact=0.0% nll=1.7843
[retrieval] passkey len= 64k depth= 0.1: token_acc=33.2% exact=0.0% nll=2.3544
[retrieval] passkey len= 64k depth= 0.5: token_acc=35.2% exact=0.0% nll=2.1671
[retrieval] passkey len= 64k depth= 0.9: token_acc=45.6% exact=0.0% nll=1.8375
[retrieval] passkey len=128k depth= 0.1: token_acc=29.6% exact=0.0% nll=2.5812
[retrieval] passkey len=128k depth= 0.5: token_acc=34.4% exact=0.0% nll=2.2556
[retrieval] passkey len=128k depth= 0.9: token_acc=42.8% exact=0.0% nll=1.9232
[retrieval] passkey len=256k depth= 0.1: token_acc=26.4% exact=0.0% nll=2.7193
[retrieval] passkey len=256k depth= 0.5: token_acc=28.0% exact=0.0% nll=2.6270
[retrieval] passkey len=256k depth= 0.9: token_acc=36.8% exact=0.0% nll=2.1241
[retrieval]    niah len=  2k depth= 0.1: token_acc=63.6% exact=6.0% nll=1.3063
[retrieval]    niah len=  2k depth= 0.5: token_acc=62.4% exact=0.0% nll=1.4679
[retrieval]    niah len=  2k depth= 0.9: token_acc=69.2% exact=4.0% nll=1.2648
[retrieval]    niah len=  4k depth= 0.1: token_acc=58.8% exact=0.0% nll=1.4600
[retrieval]    niah len=  4k depth= 0.5: token_acc=57.6% exact=2.0% nll=1.5034
[retrieval]    niah len=  4k depth= 0.9: token_acc=67.6% exact=2.0% nll=1.3293
[retrieval]    niah len=  8k depth= 0.1: token_acc=56.8% exact=0.0% nll=1.5785
[retrieval]    niah len=  8k depth= 0.5: token_acc=56.0% exact=2.0% nll=1.6294
[retrieval]    niah len=  8k depth= 0.9: token_acc=60.4% exact=0.0% nll=1.4831
[retrieval]    niah len= 16k depth= 0.1: token_acc=48.8% exact=0.0% nll=1.7756
[retrieval]    niah len= 16k depth= 0.5: token_acc=50.0% exact=0.0% nll=1.7142
[retrieval]    niah len= 16k depth= 0.9: token_acc=57.2% exact=0.0% nll=1.5448
[retrieval]    niah len= 32k depth= 0.1: token_acc=44.0% exact=0.0% nll=1.8591
[retrieval]    niah len= 32k depth= 0.5: token_acc=46.8% exact=0.0% nll=1.8069
[retrieval]    niah len= 32k depth= 0.9: token_acc=50.8% exact=0.0% nll=1.6806
[retrieval]    niah len= 64k depth= 0.1: token_acc=42.8% exact=0.0% nll=2.0146
[retrieval]    niah len= 64k depth= 0.5: token_acc=44.0% exact=0.0% nll=1.9615
[retrieval]    niah len= 64k depth= 0.9: token_acc=44.4% exact=0.0% nll=1.8363
[retrieval]    niah len=128k depth= 0.1: token_acc=41.6% exact=0.0% nll=2.1249
[retrieval]    niah len=128k depth= 0.5: token_acc=39.2% exact=0.0% nll=2.2692
[retrieval]    niah len=128k depth= 0.9: token_acc=45.6% exact=0.0% nll=1.7929
[retrieval]    niah len=256k depth= 0.1: token_acc=38.4% exact=0.0% nll=2.4489
[retrieval]    niah len=256k depth= 0.5: token_acc=38.0% exact=0.0% nll=2.5134
[retrieval]    niah len=256k depth= 0.9: token_acc=43.2% exact=0.0% nll=1.9805

[retrieval] teacher-forced token accuracy %, per kind (rows=length, cols=depth):
  passkey:
    len     0.1    0.5    0.9
      2k   51.6   54.8   59.2
      4k   49.2   52.8   60.4
      8k   48.4   47.6   47.2
     16k   42.8   40.0   51.2
     32k   37.2   37.6   49.2
     64k   33.2   35.2   45.6
    128k   29.6   34.4   42.8
    256k   26.4   28.0   36.8
  niah:
    len     0.1    0.5    0.9
      2k   63.6   62.4   69.2
      4k   58.8   57.6   67.6
      8k   56.8   56.0   60.4
     16k   48.8   50.0   57.2
     32k   44.0   46.8   50.8
     64k   42.8   44.0   44.4
    128k   41.6   39.2   45.6
    256k   38.4   38.0   43.2

===RETRIEVAL_RESULTS_JSON===
{"benchmark": "retrieval", "protocol": "teacher-forced-needle-v2", "kinds": ["passkey", "niah"], "lengths": ["2k", "4k", "8k", "16k", "32k", "64k", "128k", "256k"], "depths": [0.1, 0.5, 0.9], "num_samples": 50, "value_tokens": 5, "seed": 1234, "paired_across_lengths_and_depths": true, "haystack": "synthetic-filler", "haystack_revision": null, "results": {"passkey": {"2k": {"0.1": 51.6, "0.5": 54.8, "0.9": 59.2}, "4k": {"0.1": 49.2, "0.5": 52.8, "0.9": 60.4}, "8k": {"0.1": 48.4, "0.5": 47.6, "0.9": 47.2}, "16k": {"0.1": 42.8, "0.5": 40.0, "0.9": 51.2}, "32k": {"0.1": 37.2, "0.5": 37.6, "0.9": 49.2}, "64k": {"0.1": 33.2, "0.5": 35.2, "0.9": 45.6}, "128k": {"0.1": 29.6, "0.5": 34.4, "0.9": 42.8}, "256k": {"0.1": 26.4, "0.5": 28.0, "0.9": 36.8}}, "niah": {"2k": {"0.1": 63.6, "0.5": 62.4, "0.9": 69.2}, "4k": {"0.1": 58.8, "0.5": 57.6, "0.9": 67.6}, "8k": {"0.1": 56.8, "0.5": 56.0, "0.9": 60.4}, "16k": {"0.1": 48.8, "0.5": 50.0, "0.9": 57.2}, "32k": {"0.1": 44.0, "0.5": 46.8, "0.9": 50.8}, "64k": {"0.1": 42.8, "0.5": 44.0, "0.9": 44.4}, "128k": {"0.1": 41.6, "0.5": 39.2, "0.9": 45.6}, "256k": {"0.1": 38.4, "0.5": 38.0, "0.9": 43.2}}}, "exact_results": {"passkey": {"2k": {"0.1": 0.0, "0.5": 0.0, "0.9": 2.0}, "4k": {"0.1": 0.0, "0.5": 0.0, "0.9": 2.0}, "8k": {"0.1": 0.0, "0.5": 0.0, "0.9": 0.0}, "16k": {"0.1": 0.0, "0.5": 0.0, "0.9": 0.0}, "32k": {"0.1": 0.0, "0.5": 0.0, "0.9": 0.0}, "64k": {"0.1": 0.0, "0.5": 0.0, "0.9": 0.0}, "128k": {"0.1": 0.0, "0.5": 0.0, "0.9": 0.0}, "256k": {"0.1": 0.0, "0.5": 0.0, "0.9": 0.0}}, "niah": {"2k": {"0.1": 6.0, "0.5": 0.0, "0.9": 4.0}, "4k": {"0.1": 0.0, "0.5": 2.0, "0.9": 2.0}, "8k": {"0.1": 0.0, "0.5": 2.0, "0.9": 0.0}, "16k": {"0.1": 0.0, "0.5": 0.0, "0.9": 0.0}, "32k": {"0.1": 0.0, "0.5": 0.0, "0.9": 0.0}, "64k": {"0.1": 0.0, "0.5": 0.0, "0.9": 0.0}, "128k": {"0.1": 0.0, "0.5": 0.0, "0.9": 0.0}, "256k": {"0.1": 0.0, "0.5": 0.0, "0.9": 0.0}}}, "nll_results": {"passkey": {"2k": {"0.1": 1.571474407196045, "0.5": 1.5814104480743407, "0.9": 1.428593759536743}, "4k": {"0.1": 1.6767739677429199, "0.5": 1.704264331817627, "0.9": 1.5111138439178466}, "8k": {"0.1": 1.7515574073791504, "0.5": 1.837898157119751, "0.9": 1.8845342140197754}, "16k": {"0.1": 2.008757308959961, "0.5": 2.060704475402832, "0.9": 1.7094523906707764}, "32k": {"0.1": 2.15719340133667, "0.5": 2.063010223388672, "0.9": 1.7843480930328368}, "64k": {"0.1": 2.354360589981079, "0.5": 2.1671007270812987, "0.9": 1.837508399963379}, "128k": {"0.1": 2.581160400390625, "0.5": 2.2555502853393556, "0.9": 1.9231937351226807}, "256k": {"0.1": 2.719253490447998, "0.5": 2.626965356826782, "0.9": 2.1241156158447265}}, "niah": {"2k": {"0.1": 1.3063173742294312, "0.5": 1.4678529014587403, "0.9": 1.2647842178344726}, "4k": {"0.1": 1.4600091152191161, "0.5": 1.5034387331008912, "0.9": 1.3293258619308472}, "8k": {"0.1": 1.5785376205444337, "0.5": 1.629395712852478, "0.9": 1.4831423091888427}, "16k": {"0.1": 1.7756151266098021, "0.5": 1.714229187965393, "0.9": 1.5447505578994751}, "32k": {"0.1": 1.8591110191345215, "0.5": 1.806879482269287, "0.9": 1.6806020717620849}, "64k": {"0.1": 2.0146380853652954, "0.5": 1.9614531326293945, "0.9": 1.8362683897018433}, "128k": {"0.1": 2.1248821868896486, "0.5": 2.269191144943237, "0.9": 1.7929009819030761}, "256k": {"0.1": 2.4488678188323973, "0.5": 2.513414119720459, "0.9": 1.9804965572357178}}}, "oom_cells": [], "elapsed_s": 2204.4, "unsupported_checkpoint": false, "model_config": {"arch_type": "raven_native", "attn_type": "raven_native", "reg_mode": "baseline", "distractor": false, "memory": false, "window": false, "vocab_size": 50304, "hidden_size": 1024, "num_hidden_layers": 16, "num_heads": 4, "num_kv_heads": 4, "atma_head_match": true, "num_slots": 256, "topk": 32, "feature_map": "swish", "router_score": "sigmoid", "router_type": "lin", "decay_type": "Mamba2", "add_gumbel_noise": true, "bias_rmm": false, "gate_logit_normalizer": 8, "conv_kernel_size": 3, "seq_len": 2048, "num_chunks": 99, "batch_size": 524288, "val_tokens": 2097152, "mbs": 16, "cooldown_frac": 0.7, "sketch_dim": 64, "sigr_alpha_on": 0.01, "dist_align_weight_on": 0.01, "optimizer": "adamw_raven", "adamw_lr": 0.0003, "adamw_lr_min_frac": 0.1, "adamw_warmup_frac": 0.05, "adamw_beta1": 0.9, "adamw_beta2": 0.95, "adamw_eps": 1e-15, "adamw_weight_decay": 0.1, "skip_nan_inf": true, "compile_model": true, "mem_chunk": 128, "mem_gamma_bias": 3.9, "mem_beta_bias": 0.0, "mem_kernel": "auto", "fla_custom_op": true, "eval_lengths": [2048, 4096, 8192, 16384, 32768, 65536, 131072, 262144], "needle_distances": [2048, 4096, 8192, 16384, 32768, 65536, 131072, 262144], "clean_dataset": "codelion/finepdfs-1B", "val_data": "finewebedu10B/finewebedu_val_*.bin", "num_eval_docs": 64, "num_needle_trials": 64, "needle_val_len": 5, "run_id": "raven_native__reg-baseline__distr-0__mem-0__win-0", "comparison_group": "raven_scaled_promotion", "mixer_ratio": "16_raven", "num_random_keys": 0, "dist_align_loss_weight": 0.0, "sigr_alpha": 0.0, "attn_window": null, "mem_enabled": false}, "model_unsupported": [], "serving_metrics": null}
===END===
[run] done in 2204.4s -> /home/sagemaker-user/atma/benchmarks/logs/atma_10b/retrieval_retrieval_synthetic_raven_native_7478f50321.log
