[run] benchmark=retrieval model=/home/sagemaker-user/.cache/huggingface/hub/models--ChavyvAkvar--atma-10b-L40S-mbs16-nope__reg-baseline__distr-0__mem-1__win-0/snapshots/d2974b46bf1be80fe0285ed7c15903b8079f615a tasks=['passkey', 'niah'] lengths=['2k', '4k', '8k', '16k', '32k', '64k', '128k', '256k'] samples=50
[retrieval] passkey len=  2k depth= 0.1: token_acc=100.0% exact=100.0% nll=0.1189
[retrieval] passkey len=  2k depth= 0.5: token_acc=98.8% exact=94.0% nll=0.1920
[retrieval] passkey len=  2k depth= 0.9: token_acc=99.2% exact=96.0% nll=0.2772
[retrieval] passkey len=  4k depth= 0.1: token_acc=99.6% exact=98.0% nll=0.1427
[retrieval] passkey len=  4k depth= 0.5: token_acc=98.8% exact=94.0% nll=0.3133
[retrieval] passkey len=  4k depth= 0.9: token_acc=97.6% exact=88.0% nll=0.3567
[retrieval] passkey len=  8k depth= 0.1: token_acc=98.8% exact=94.0% nll=0.3522
[retrieval] passkey len=  8k depth= 0.5: token_acc=97.2% exact=86.0% nll=0.5025
[retrieval] passkey len=  8k depth= 0.9: token_acc=98.4% exact=92.0% nll=0.5470
[retrieval] passkey len= 16k depth= 0.1: token_acc=98.4% exact=92.0% nll=0.6224
[retrieval] passkey len= 16k depth= 0.5: token_acc=98.0% exact=90.0% nll=0.7263
[retrieval] passkey len= 16k depth= 0.9: token_acc=97.2% exact=86.0% nll=0.7071
[retrieval] passkey len= 32k depth= 0.1: token_acc=70.0% exact=30.0% nll=1.5187
[retrieval] passkey len= 32k depth= 0.5: token_acc=68.0% exact=22.0% nll=1.5154
[retrieval] passkey len= 32k depth= 0.9: token_acc=78.0% exact=40.0% nll=1.3626
[retrieval] passkey len= 64k depth= 0.1: token_acc=40.8% exact=6.0% nll=2.1864
[retrieval] passkey len= 64k depth= 0.5: token_acc=50.8% exact=12.0% nll=1.9705
[retrieval] passkey len= 64k depth= 0.9: token_acc=52.8% exact=10.0% nll=1.9148
[retrieval] passkey len=128k depth= 0.1: token_acc=14.8% exact=0.0% nll=3.3542
[retrieval] passkey len=128k depth= 0.5: token_acc=21.6% exact=2.0% nll=2.8695
[retrieval] passkey len=128k depth= 0.9: token_acc=23.6% exact=2.0% nll=2.7477
[retrieval] passkey len=256k depth= 0.1: token_acc=1.2% exact=0.0% nll=4.9878
[retrieval] passkey len=256k depth= 0.5: token_acc=3.2% exact=0.0% nll=4.5184
[retrieval] passkey len=256k depth= 0.9: token_acc=2.8% exact=0.0% nll=4.2870
[retrieval]    niah len=  2k depth= 0.1: token_acc=99.6% exact=98.0% nll=0.2184
[retrieval]    niah len=  2k depth= 0.5: token_acc=98.8% exact=94.0% nll=0.2888
[retrieval]    niah len=  2k depth= 0.9: token_acc=98.0% exact=90.0% nll=0.3592
[retrieval]    niah len=  4k depth= 0.1: token_acc=100.0% exact=100.0% nll=0.2322
[retrieval]    niah len=  4k depth= 0.5: token_acc=98.4% exact=92.0% nll=0.3193
[retrieval]    niah len=  4k depth= 0.9: token_acc=98.0% exact=90.0% nll=0.4003
[retrieval]    niah len=  8k depth= 0.1: token_acc=98.4% exact=92.0% nll=0.5013
[retrieval]    niah len=  8k depth= 0.5: token_acc=97.6% exact=88.0% nll=0.6253
[retrieval]    niah len=  8k depth= 0.9: token_acc=96.0% exact=80.0% nll=0.6867
[retrieval]    niah len= 16k depth= 0.1: token_acc=94.8% exact=76.0% nll=0.9703
[retrieval]    niah len= 16k depth= 0.5: token_acc=92.0% exact=64.0% nll=1.0620
[retrieval]    niah len= 16k depth= 0.9: token_acc=89.2% exact=60.0% nll=1.0249
[retrieval]    niah len= 32k depth= 0.1: token_acc=67.2% exact=14.0% nll=1.5952
[retrieval]    niah len= 32k depth= 0.5: token_acc=68.8% exact=18.0% nll=1.6696
[retrieval]    niah len= 32k depth= 0.9: token_acc=70.0% exact=18.0% nll=1.6485
[retrieval]    niah len= 64k depth= 0.1: token_acc=5.2% exact=0.0% nll=3.0245
[retrieval]    niah len= 64k depth= 0.5: token_acc=3.6% exact=0.0% nll=2.8711
[retrieval]    niah len= 64k depth= 0.9: token_acc=5.6% exact=0.0% nll=2.8421
[retrieval]    niah len=128k depth= 0.1: token_acc=0.0% exact=0.0% nll=4.1007
[retrieval]    niah len=128k depth= 0.5: token_acc=1.2% exact=0.0% nll=3.4361
[retrieval]    niah len=128k depth= 0.9: token_acc=0.0% exact=0.0% nll=3.8287
[retrieval]    niah len=256k depth= 0.1: token_acc=0.0% exact=0.0% nll=4.8068
[retrieval]    niah len=256k depth= 0.5: token_acc=0.0% exact=0.0% nll=4.7273
[retrieval]    niah len=256k depth= 0.9: token_acc=0.0% exact=0.0% nll=4.6661

[retrieval] teacher-forced token accuracy %, per kind (rows=length, cols=depth):
  passkey:
    len     0.1    0.5    0.9
      2k  100.0   98.8   99.2
      4k   99.6   98.8   97.6
      8k   98.8   97.2   98.4
     16k   98.4   98.0   97.2
     32k   70.0   68.0   78.0
     64k   40.8   50.8   52.8
    128k   14.8   21.6   23.6
    256k    1.2    3.2    2.8
  niah:
    len     0.1    0.5    0.9
      2k   99.6   98.8   98.0
      4k  100.0   98.4   98.0
      8k   98.4   97.6   96.0
     16k   94.8   92.0   89.2
     32k   67.2   68.8   70.0
     64k    5.2    3.6    5.6
    128k    0.0    1.2    0.0
    256k    0.0    0.0    0.0

===RETRIEVAL_RESULTS_JSON===
{"benchmark": "retrieval", "protocol": "teacher-forced-needle-v2", "kinds": ["passkey", "niah"], "lengths": ["2k", "4k", "8k", "16k", "32k", "64k", "128k", "256k"], "depths": [0.1, 0.5, 0.9], "num_samples": 50, "value_tokens": 5, "seed": 1234, "paired_across_lengths_and_depths": true, "haystack": "synthetic-filler", "haystack_revision": null, "results": {"passkey": {"2k": {"0.1": 100.0, "0.5": 98.8, "0.9": 99.2}, "4k": {"0.1": 99.6, "0.5": 98.8, "0.9": 97.6}, "8k": {"0.1": 98.8, "0.5": 97.2, "0.9": 98.4}, "16k": {"0.1": 98.4, "0.5": 98.0, "0.9": 97.2}, "32k": {"0.1": 70.0, "0.5": 68.0, "0.9": 78.0}, "64k": {"0.1": 40.8, "0.5": 50.8, "0.9": 52.8}, "128k": {"0.1": 14.8, "0.5": 21.6, "0.9": 23.6}, "256k": {"0.1": 1.2, "0.5": 3.2, "0.9": 2.8}}, "niah": {"2k": {"0.1": 99.6, "0.5": 98.8, "0.9": 98.0}, "4k": {"0.1": 100.0, "0.5": 98.4, "0.9": 98.0}, "8k": {"0.1": 98.4, "0.5": 97.6, "0.9": 96.0}, "16k": {"0.1": 94.8, "0.5": 92.0, "0.9": 89.2}, "32k": {"0.1": 67.2, "0.5": 68.8, "0.9": 70.0}, "64k": {"0.1": 5.2, "0.5": 3.6, "0.9": 5.6}, "128k": {"0.1": 0.0, "0.5": 1.2, "0.9": 0.0}, "256k": {"0.1": 0.0, "0.5": 0.0, "0.9": 0.0}}}, "exact_results": {"passkey": {"2k": {"0.1": 100.0, "0.5": 94.0, "0.9": 96.0}, "4k": {"0.1": 98.0, "0.5": 94.0, "0.9": 88.0}, "8k": {"0.1": 94.0, "0.5": 86.0, "0.9": 92.0}, "16k": {"0.1": 92.0, "0.5": 90.0, "0.9": 86.0}, "32k": {"0.1": 30.0, "0.5": 22.0, "0.9": 40.0}, "64k": {"0.1": 6.0, "0.5": 12.0, "0.9": 10.0}, "128k": {"0.1": 0.0, "0.5": 2.0, "0.9": 2.0}, "256k": {"0.1": 0.0, "0.5": 0.0, "0.9": 0.0}}, "niah": {"2k": {"0.1": 98.0, "0.5": 94.0, "0.9": 90.0}, "4k": {"0.1": 100.0, "0.5": 92.0, "0.9": 90.0}, "8k": {"0.1": 92.0, "0.5": 88.0, "0.9": 80.0}, "16k": {"0.1": 76.0, "0.5": 64.0, "0.9": 60.0}, "32k": {"0.1": 14.0, "0.5": 18.0, "0.9": 18.0}, "64k": {"0.1": 0.0, "0.5": 0.0, "0.9": 0.0}, "128k": {"0.1": 0.0, "0.5": 0.0, "0.9": 0.0}, "256k": {"0.1": 0.0, "0.5": 0.0, "0.9": 0.0}}}, "nll_results": {"passkey": {"2k": {"0.1": 0.11888313245773316, "0.5": 0.1919787765741348, "0.9": 0.27715075135231015}, "4k": {"0.1": 0.1426732031106949, "0.5": 0.31325254440307615, "0.9": 0.3566783878803253}, "8k": {"0.1": 0.3522091245651245, "0.5": 0.5024851088523865, "0.9": 0.5469827923774719}, "16k": {"0.1": 0.622396619796753, "0.5": 0.7262902150154114, "0.9": 0.7070595297813416}, "32k": {"0.1": 1.5187098951339721, "0.5": 1.5153522090911866, "0.9": 1.362572564125061}, "64k": {"0.1": 2.1864183540344237, "0.5": 1.9705019645690918, "0.9": 1.9147789249420166}, "128k": {"0.1": 3.35415970993042, "0.5": 2.8694650745391845, "0.9": 2.7477340240478516}, "256k": {"0.1": 4.987803413391113, "0.5": 4.518420642852783, "0.9": 4.287005416870117}}, "niah": {"2k": {"0.1": 0.2183802704811096, "0.5": 0.28879924821853636, "0.9": 0.3592003626823425}, "4k": {"0.1": 0.23217175912857055, "0.5": 0.31931185054779054, "0.9": 0.40028169870376584}, "8k": {"0.1": 0.5013385801315308, "0.5": 0.6253144340515137, "0.9": 0.6866617984771729}, "16k": {"0.1": 0.970261342048645, "0.5": 1.0620148744583129, "0.9": 1.024894058227539}, "32k": {"0.1": 1.5952452850341796, "0.5": 1.669572593688965, "0.9": 1.6485468139648438}, "64k": {"0.1": 3.0245396842956542, "0.5": 2.871099178314209, "0.9": 2.8421294898986815}, "128k": {"0.1": 4.100708419799805, "0.5": 3.436110382080078, "0.9": 3.828682941436768}, "256k": {"0.1": 4.806794624328614, "0.5": 4.727262840270996, "0.9": 4.666100090026855}}}, "oom_cells": [], "elapsed_s": 2958.8, "unsupported_checkpoint": false, "model_config": {"vocab_size": 50304, "num_hidden_layers": 16, "hidden_size": 1024, "head_dim": 128, "attn_kernel_size": 4, "conv_kernel_size": 3, "max_position_embeddings": 2048, "rms_norm_eps": 1e-06, "dtype": "bfloat16", "tie_word_embeddings": false, "num_random_keys": 0, "attn_online": false, "attn_k_block": 512, "attn_kernel": "triton", "attn_type": "nope", "wall_gate_bias": null, "attn_window": null, "mem_enabled": true, "mem_chunk": 128, "mem_gamma_bias": 3.9, "mem_beta_bias": 0.0, "mem_kernel": "auto"}, "model_unsupported": [], "serving_metrics": null}
===END===
[run] done in 2958.8s -> /home/sagemaker-user/atma/benchmarks/logs/atma_10b/retrieval_retrieval_synthetic_nope_ab5d31deb9.log
