[run] benchmark=retrieval model=/home/sagemaker-user/.cache/huggingface/hub/models--ChavyvAkvar--atma-10b-L40S-mbs16-atma-raven-titans__reg-baseline__distr-0__mem-1__win-0/snapshots/8427bfefc77ed199e912d31c80fd6ff0ea179876 tasks=['passkey', 'niah'] lengths=['2k', '4k', '8k', '16k', '32k', '64k', '128k', '256k'] samples=50
[retrieval] passkey len=  2k depth= 0.1: token_acc=70.8% exact=10.0% nll=1.2457
[retrieval] passkey len=  2k depth= 0.5: token_acc=72.4% exact=10.0% nll=1.1838
[retrieval] passkey len=  2k depth= 0.9: token_acc=74.8% exact=18.0% nll=1.1622
[retrieval] passkey len=  4k depth= 0.1: token_acc=68.8% exact=6.0% nll=1.3301
[retrieval] passkey len=  4k depth= 0.5: token_acc=70.4% exact=8.0% nll=1.3020
[retrieval] passkey len=  4k depth= 0.9: token_acc=73.6% exact=16.0% nll=1.1501
[retrieval] passkey len=  8k depth= 0.1: token_acc=67.2% exact=6.0% nll=1.5037
[retrieval] passkey len=  8k depth= 0.5: token_acc=61.2% exact=2.0% nll=1.5693
[retrieval] passkey len=  8k depth= 0.9: token_acc=71.2% exact=12.0% nll=1.2241
[retrieval] passkey len= 16k depth= 0.1: token_acc=56.8% exact=2.0% nll=1.8544
[retrieval] passkey len= 16k depth= 0.5: token_acc=55.6% exact=0.0% nll=1.8345
[retrieval] passkey len= 16k depth= 0.9: token_acc=67.2% exact=10.0% nll=1.3116
[retrieval] passkey len= 32k depth= 0.1: token_acc=45.6% exact=0.0% nll=2.3501
[retrieval] passkey len= 32k depth= 0.5: token_acc=48.0% exact=0.0% nll=2.1758
[retrieval] passkey len= 32k depth= 0.9: token_acc=62.8% exact=4.0% nll=1.4423
[retrieval] passkey len= 64k depth= 0.1: token_acc=31.2% exact=0.0% nll=2.7751
[retrieval] passkey len= 64k depth= 0.5: token_acc=38.8% exact=0.0% nll=2.6688
[retrieval] passkey len= 64k depth= 0.9: token_acc=60.4% exact=2.0% nll=1.6628
[retrieval] passkey len=128k depth= 0.1: token_acc=14.0% exact=0.0% nll=3.3193
[retrieval] passkey len=128k depth= 0.5: token_acc=25.2% exact=0.0% nll=2.9090
[retrieval] passkey len=128k depth= 0.9: token_acc=50.0% exact=0.0% nll=2.0312
[retrieval] passkey len=256k depth= 0.1: token_acc=10.0% exact=0.0% nll=3.6426
[retrieval] passkey len=256k depth= 0.5: token_acc=17.6% exact=0.0% nll=3.3135
[retrieval] passkey len=256k depth= 0.9: token_acc=45.2% exact=0.0% nll=2.4080
[retrieval]    niah len=  2k depth= 0.1: token_acc=50.4% exact=2.0% nll=1.5604
[retrieval]    niah len=  2k depth= 0.5: token_acc=52.4% exact=2.0% nll=1.5186
[retrieval]    niah len=  2k depth= 0.9: token_acc=57.2% exact=6.0% nll=1.4478
[retrieval]    niah len=  4k depth= 0.1: token_acc=49.6% exact=0.0% nll=1.6196
[retrieval]    niah len=  4k depth= 0.5: token_acc=45.2% exact=0.0% nll=1.7307
[retrieval]    niah len=  4k depth= 0.9: token_acc=56.4% exact=4.0% nll=1.5103
[retrieval]    niah len=  8k depth= 0.1: token_acc=38.4% exact=0.0% nll=1.8866
[retrieval]    niah len=  8k depth= 0.5: token_acc=37.6% exact=0.0% nll=1.9471
[retrieval]    niah len=  8k depth= 0.9: token_acc=47.2% exact=0.0% nll=1.7045
[retrieval]    niah len= 16k depth= 0.1: token_acc=32.0% exact=0.0% nll=2.2308
[retrieval]    niah len= 16k depth= 0.5: token_acc=27.6% exact=0.0% nll=2.2523
[retrieval]    niah len= 16k depth= 0.9: token_acc=42.4% exact=0.0% nll=1.8281
[retrieval]    niah len= 32k depth= 0.1: token_acc=25.6% exact=0.0% nll=2.7831
[retrieval]    niah len= 32k depth= 0.5: token_acc=25.2% exact=0.0% nll=2.6041
[retrieval]    niah len= 32k depth= 0.9: token_acc=42.8% exact=0.0% nll=1.8492
[retrieval]    niah len= 64k depth= 0.1: token_acc=21.6% exact=0.0% nll=3.1155
[retrieval]    niah len= 64k depth= 0.5: token_acc=23.2% exact=0.0% nll=3.0750
[retrieval]    niah len= 64k depth= 0.9: token_acc=39.6% exact=0.0% nll=1.9651
[retrieval]    niah len=128k depth= 0.1: token_acc=15.6% exact=0.0% nll=3.3249
[retrieval]    niah len=128k depth= 0.5: token_acc=20.4% exact=0.0% nll=3.2259
[retrieval]    niah len=128k depth= 0.9: token_acc=30.4% exact=0.0% nll=2.3245
[retrieval]    niah len=256k depth= 0.1: token_acc=5.6% exact=0.0% nll=3.6167
[retrieval]    niah len=256k depth= 0.5: token_acc=12.8% exact=0.0% nll=3.4450
[retrieval]    niah len=256k depth= 0.9: token_acc=24.4% exact=0.0% nll=2.7802

[retrieval] teacher-forced token accuracy %, per kind (rows=length, cols=depth):
  passkey:
    len     0.1    0.5    0.9
      2k   70.8   72.4   74.8
      4k   68.8   70.4   73.6
      8k   67.2   61.2   71.2
     16k   56.8   55.6   67.2
     32k   45.6   48.0   62.8
     64k   31.2   38.8   60.4
    128k   14.0   25.2   50.0
    256k   10.0   17.6   45.2
  niah:
    len     0.1    0.5    0.9
      2k   50.4   52.4   57.2
      4k   49.6   45.2   56.4
      8k   38.4   37.6   47.2
     16k   32.0   27.6   42.4
     32k   25.6   25.2   42.8
     64k   21.6   23.2   39.6
    128k   15.6   20.4   30.4
    256k    5.6   12.8   24.4

===RETRIEVAL_RESULTS_JSON===
{"benchmark": "retrieval", "protocol": "teacher-forced-needle-v2", "kinds": ["passkey", "niah"], "lengths": ["2k", "4k", "8k", "16k", "32k", "64k", "128k", "256k"], "depths": [0.1, 0.5, 0.9], "num_samples": 50, "value_tokens": 5, "seed": 1234, "paired_across_lengths_and_depths": true, "haystack": "synthetic-filler", "haystack_revision": null, "results": {"passkey": {"2k": {"0.1": 70.8, "0.5": 72.4, "0.9": 74.8}, "4k": {"0.1": 68.8, "0.5": 70.4, "0.9": 73.6}, "8k": {"0.1": 67.2, "0.5": 61.2, "0.9": 71.2}, "16k": {"0.1": 56.8, "0.5": 55.6, "0.9": 67.2}, "32k": {"0.1": 45.6, "0.5": 48.0, "0.9": 62.8}, "64k": {"0.1": 31.2, "0.5": 38.8, "0.9": 60.4}, "128k": {"0.1": 14.0, "0.5": 25.2, "0.9": 50.0}, "256k": {"0.1": 10.0, "0.5": 17.6, "0.9": 45.2}}, "niah": {"2k": {"0.1": 50.4, "0.5": 52.4, "0.9": 57.2}, "4k": {"0.1": 49.6, "0.5": 45.2, "0.9": 56.4}, "8k": {"0.1": 38.4, "0.5": 37.6, "0.9": 47.2}, "16k": {"0.1": 32.0, "0.5": 27.6, "0.9": 42.4}, "32k": {"0.1": 25.6, "0.5": 25.2, "0.9": 42.8}, "64k": {"0.1": 21.6, "0.5": 23.2, "0.9": 39.6}, "128k": {"0.1": 15.6, "0.5": 20.4, "0.9": 30.4}, "256k": {"0.1": 5.6, "0.5": 12.8, "0.9": 24.4}}}, "exact_results": {"passkey": {"2k": {"0.1": 10.0, "0.5": 10.0, "0.9": 18.0}, "4k": {"0.1": 6.0, "0.5": 8.0, "0.9": 16.0}, "8k": {"0.1": 6.0, "0.5": 2.0, "0.9": 12.0}, "16k": {"0.1": 2.0, "0.5": 0.0, "0.9": 10.0}, "32k": {"0.1": 0.0, "0.5": 0.0, "0.9": 4.0}, "64k": {"0.1": 0.0, "0.5": 0.0, "0.9": 2.0}, "128k": {"0.1": 0.0, "0.5": 0.0, "0.9": 0.0}, "256k": {"0.1": 0.0, "0.5": 0.0, "0.9": 0.0}}, "niah": {"2k": {"0.1": 2.0, "0.5": 2.0, "0.9": 6.0}, "4k": {"0.1": 0.0, "0.5": 0.0, "0.9": 4.0}, "8k": {"0.1": 0.0, "0.5": 0.0, "0.9": 0.0}, "16k": {"0.1": 0.0, "0.5": 0.0, "0.9": 0.0}, "32k": {"0.1": 0.0, "0.5": 0.0, "0.9": 0.0}, "64k": {"0.1": 0.0, "0.5": 0.0, "0.9": 0.0}, "128k": {"0.1": 0.0, "0.5": 0.0, "0.9": 0.0}, "256k": {"0.1": 0.0, "0.5": 0.0, "0.9": 0.0}}}, "nll_results": {"passkey": {"2k": {"0.1": 1.2456503314971923, "0.5": 1.1837985706329346, "0.9": 1.162169758796692}, "4k": {"0.1": 1.3301336812973021, "0.5": 1.3020465774536132, "0.9": 1.1501420745849609}, "8k": {"0.1": 1.5037220287322999, "0.5": 1.5692558298110961, "0.9": 1.224112166404724}, "16k": {"0.1": 1.8544348468780518, "0.5": 1.834461389541626, "0.9": 1.3115890674591064}, "32k": {"0.1": 2.3501341762542727, "0.5": 2.1758429317474364, "0.9": 1.4423246059417725}, "64k": {"0.1": 2.7750943183898924, "0.5": 2.668805358886719, "0.9": 1.662783390045166}, "128k": {"0.1": 3.3192931480407717, "0.5": 2.909007801055908, "0.9": 2.0312134647369384}, "256k": {"0.1": 3.6426254234313964, "0.5": 3.3135107498168948, "0.9": 2.4080308265686035}}, "niah": {"2k": {"0.1": 1.5604335174560546, "0.5": 1.5185933208465576, "0.9": 1.447806664466858}, "4k": {"0.1": 1.6195680408477784, "0.5": 1.7306806507110595, "0.9": 1.5102545957565308}, "8k": {"0.1": 1.8865826301574706, "0.5": 1.9470746974945068, "0.9": 1.704501527786255}, "16k": {"0.1": 2.2307951488494875, "0.5": 2.2523027877807618, "0.9": 1.8280546550750731}, "32k": {"0.1": 2.783110439300537, "0.5": 2.6041427879333496, "0.9": 1.84920703125}, "64k": {"0.1": 3.1154699096679686, "0.5": 3.0749880905151366, "0.9": 1.9651299819946288}, "128k": {"0.1": 3.3248690910339356, "0.5": 3.225854621887207, "0.9": 2.324482915878296}, "256k": {"0.1": 3.616704704284668, "0.5": 3.4449663619995117, "0.9": 2.7802188835144044}}}, "oom_cells": [], "elapsed_s": 1833.1, "unsupported_checkpoint": false, "model_config": {"arch_type": "atma_raven_titans", "attn_type": "atma_raven_titans", "reg_mode": "baseline", "distractor": false, "memory": true, "window": false, "vocab_size": 50304, "hidden_size": 1024, "num_hidden_layers": 16, "num_heads": 8, "num_kv_heads": 2, "atma_head_match": true, "num_slots": 256, "topk": 32, "feature_map": "swish", "router_score": "sigmoid", "router_type": "lin", "decay_type": "Mamba2", "add_gumbel_noise": true, "bias_rmm": false, "gate_logit_normalizer": 8, "conv_kernel_size": 3, "seq_len": 2048, "num_chunks": 99, "batch_size": 524288, "val_tokens": 2097152, "mbs": 16, "cooldown_frac": 0.7, "sketch_dim": 64, "sigr_alpha_on": 0.01, "dist_align_weight_on": 0.01, "optimizer": "adamw_raven", "adamw_lr": 0.0003, "adamw_lr_min_frac": 0.1, "adamw_warmup_frac": 0.05, "adamw_beta1": 0.9, "adamw_beta2": 0.95, "adamw_eps": 1e-15, "adamw_weight_decay": 0.1, "skip_nan_inf": true, "compile_model": true, "mem_chunk": 128, "mem_gamma_bias": 3.9, "mem_beta_bias": 0.0, "mem_kernel": "auto", "fla_custom_op": true, "eval_lengths": [2048, 4096, 8192, 16384, 32768, 65536, 131072, 262144], "needle_distances": [2048, 4096, 8192, 16384, 32768, 65536, 131072, 262144], "clean_dataset": "codelion/finepdfs-1B", "val_data": "finewebedu10B/finewebedu_val_*.bin", "num_eval_docs": 64, "num_needle_trials": 64, "needle_val_len": 5, "run_id": "atma_raven_titans__reg-baseline__distr-0__mem-1__win-0", "comparison_group": "raven_scaled_promotion", "mixer_ratio": "12_lfm2_4_raven", "num_random_keys": 0, "dist_align_loss_weight": 0.0, "sigr_alpha": 0.0, "attn_window": null, "mem_enabled": true}, "model_unsupported": [], "serving_metrics": null}
===END===
[run] done in 1833.1s -> /home/sagemaker-user/atma/benchmarks/logs/atma_10b/retrieval_retrieval_synthetic_atma_raven_titans_884c68b0f2.log
