[run] benchmark=retrieval model=/home/sagemaker-user/.cache/huggingface/hub/models--ChavyvAkvar--atma-10b-L40S-mbs16-polar__reg-baseline__distr-0__mem-1__win-0/snapshots/faa10ea68590d57c0869c9dd6d38f40c476cff5d tasks=['passkey', 'niah'] lengths=['2k', '4k', '8k', '16k', '32k', '64k', '128k', '256k'] samples=50
Warning: You are sending unauthenticated requests to the HF Hub. Please set a HF_TOKEN to enable higher rate limits and faster downloads.
causal-conv1d kernel not available, using PyTorch fallback
[retrieval] passkey len=  2k depth= 0.1: token_acc=99.6% exact=98.0% nll=0.1219
[retrieval] passkey len=  2k depth= 0.5: token_acc=99.2% exact=96.0% nll=0.1531
[retrieval] passkey len=  2k depth= 0.9: token_acc=100.0% exact=100.0% nll=0.1499
[retrieval] passkey len=  4k depth= 0.1: token_acc=98.8% exact=94.0% nll=0.1364
[retrieval] passkey len=  4k depth= 0.5: token_acc=98.4% exact=92.0% nll=0.1856
[retrieval] passkey len=  4k depth= 0.9: token_acc=98.0% exact=90.0% nll=0.1602
[retrieval] passkey len=  8k depth= 0.1: token_acc=98.8% exact=94.0% nll=0.1369
[retrieval] passkey len=  8k depth= 0.5: token_acc=98.0% exact=90.0% nll=0.2017
[retrieval] passkey len=  8k depth= 0.9: token_acc=94.4% exact=74.0% nll=0.2748
[retrieval] passkey len= 16k depth= 0.1: token_acc=98.8% exact=94.0% nll=0.2453
[retrieval] passkey len= 16k depth= 0.5: token_acc=95.6% exact=80.0% nll=0.2908
[retrieval] passkey len= 16k depth= 0.9: token_acc=96.8% exact=84.0% nll=0.3058
[retrieval] passkey len= 32k depth= 0.1: token_acc=97.2% exact=86.0% nll=0.4504
[retrieval] passkey len= 32k depth= 0.5: token_acc=95.6% exact=78.0% nll=0.4707
[retrieval] passkey len= 32k depth= 0.9: token_acc=94.4% exact=76.0% nll=0.4460
[retrieval] passkey len= 64k depth= 0.1: token_acc=96.4% exact=82.0% nll=0.7142
[retrieval] passkey len= 64k depth= 0.5: token_acc=95.6% exact=78.0% nll=0.6006
[retrieval] passkey len= 64k depth= 0.9: token_acc=93.6% exact=72.0% nll=0.6493
[retrieval] passkey len=128k depth= 0.1: token_acc=78.8% exact=20.0% nll=1.2198
[retrieval] passkey len=128k depth= 0.5: token_acc=85.6% exact=40.0% nll=1.0329
[retrieval] passkey len=128k depth= 0.9: token_acc=82.4% exact=30.0% nll=0.9927
[retrieval] passkey len=256k depth= 0.1: token_acc=74.8% exact=10.0% nll=1.5197
[retrieval] passkey len=256k depth= 0.5: token_acc=77.6% exact=12.0% nll=1.3379
[retrieval] passkey len=256k depth= 0.9: token_acc=90.4% exact=60.0% nll=1.1504
[retrieval]    niah len=  2k depth= 0.1: token_acc=98.4% exact=94.0% nll=0.3395
[retrieval]    niah len=  2k depth= 0.5: token_acc=98.4% exact=94.0% nll=0.3273
[retrieval]    niah len=  2k depth= 0.9: token_acc=99.2% exact=96.0% nll=0.3952
[retrieval]    niah len=  4k depth= 0.1: token_acc=98.4% exact=92.0% nll=0.3134
[retrieval]    niah len=  4k depth= 0.5: token_acc=99.2% exact=96.0% nll=0.3069
[retrieval]    niah len=  4k depth= 0.9: token_acc=97.6% exact=90.0% nll=0.3792
[retrieval]    niah len=  8k depth= 0.1: token_acc=97.6% exact=90.0% nll=0.3684
[retrieval]    niah len=  8k depth= 0.5: token_acc=97.6% exact=88.0% nll=0.3665
[retrieval]    niah len=  8k depth= 0.9: token_acc=96.0% exact=82.0% nll=0.3979
[retrieval]    niah len= 16k depth= 0.1: token_acc=98.0% exact=92.0% nll=0.4355
[retrieval]    niah len= 16k depth= 0.5: token_acc=96.8% exact=86.0% nll=0.4823
[retrieval]    niah len= 16k depth= 0.9: token_acc=96.0% exact=80.0% nll=0.5044
[retrieval]    niah len= 32k depth= 0.1: token_acc=95.2% exact=78.0% nll=0.7065
[retrieval]    niah len= 32k depth= 0.5: token_acc=93.6% exact=70.0% nll=0.7191
[retrieval]    niah len= 32k depth= 0.9: token_acc=93.2% exact=68.0% nll=0.7264
[retrieval]    niah len= 64k depth= 0.1: token_acc=93.6% exact=72.0% nll=0.9240
[retrieval]    niah len= 64k depth= 0.5: token_acc=85.2% exact=38.0% nll=1.0355
[retrieval]    niah len= 64k depth= 0.9: token_acc=89.6% exact=52.0% nll=0.9943
[retrieval]    niah len=128k depth= 0.1: token_acc=81.2% exact=30.0% nll=1.2873
[retrieval]    niah len=128k depth= 0.5: token_acc=79.2% exact=22.0% nll=1.2543
[retrieval]    niah len=128k depth= 0.9: token_acc=74.8% exact=16.0% nll=1.2707
[retrieval]    niah len=256k depth= 0.1: token_acc=43.2% exact=0.0% nll=1.7506
[retrieval]    niah len=256k depth= 0.5: token_acc=59.2% exact=10.0% nll=1.5131
[retrieval]    niah len=256k depth= 0.9: token_acc=65.2% exact=16.0% nll=1.4229
[run] done in 2899.4s -> /home/sagemaker-user/atma/benchmarks/logs/atma_10b/retrieval_retrieval_synthetic_polar_226732c647.log
