[run] benchmark=serving model=/home/sagemaker-user/.cache/huggingface/hub/models--ChavyvAkvar--atma-10b-L40S-mbs16-raven-native__reg-baseline__distr-0__mem-0__win-0/snapshots/875d1c6ab0603a8302a168736c2d9cab179b01c3 tasks=[] lengths=['2k', '4k', '8k', '16k', '32k', '64k', '128k'] samples=100
Warning: You are sending unauthenticated requests to the HF Hub. Please set a HF_TOKEN to enable higher rate limits and faster downloads.
Loading weights from checkpoint: /home/sagemaker-user/.cache/huggingface/hub/models--ChavyvAkvar--atma-10b-L40S-mbs16-raven-native__reg-baseline__distr-0__mem-0__win-0/snapshots/875d1c6ab0603a8302a168736c2d9cab179b01c3/weights.pt
Warming up model...
Warmup complete.
Capturing CUDA graphs for decode...
CUDA graphs captured for batch sizes: [1]
[serving] context=   2k prefill=9558.4 tok/s decode=306.4 tok/s peak=0.93 GiB
Loading weights from checkpoint: /home/sagemaker-user/.cache/huggingface/hub/models--ChavyvAkvar--atma-10b-L40S-mbs16-raven-native__reg-baseline__distr-0__mem-0__win-0/snapshots/875d1c6ab0603a8302a168736c2d9cab179b01c3/weights.pt
Warming up model...
Warmup complete.
Capturing CUDA graphs for decode...
CUDA graphs captured for batch sizes: [1]
[serving] context=   4k prefill=75738.1 tok/s decode=307.5 tok/s peak=1.06 GiB
Loading weights from checkpoint: /home/sagemaker-user/.cache/huggingface/hub/models--ChavyvAkvar--atma-10b-L40S-mbs16-raven-native__reg-baseline__distr-0__mem-0__win-0/snapshots/875d1c6ab0603a8302a168736c2d9cab179b01c3/weights.pt
Warming up model...
Warmup complete.
Capturing CUDA graphs for decode...
CUDA graphs captured for batch sizes: [1]
[serving] context=   8k prefill=116377.8 tok/s decode=308.2 tok/s peak=1.31 GiB
Loading weights from checkpoint: /home/sagemaker-user/.cache/huggingface/hub/models--ChavyvAkvar--atma-10b-L40S-mbs16-raven-native__reg-baseline__distr-0__mem-0__win-0/snapshots/875d1c6ab0603a8302a168736c2d9cab179b01c3/weights.pt
Warming up model...
Warmup complete.
Capturing CUDA graphs for decode...
CUDA graphs captured for batch sizes: [1]
[serving] context=  16k prefill=117605.4 tok/s decode=308.3 tok/s peak=1.81 GiB
Loading weights from checkpoint: /home/sagemaker-user/.cache/huggingface/hub/models--ChavyvAkvar--atma-10b-L40S-mbs16-raven-native__reg-baseline__distr-0__mem-0__win-0/snapshots/875d1c6ab0603a8302a168736c2d9cab179b01c3/weights.pt
Warming up model...
Warmup complete.
Capturing CUDA graphs for decode...
CUDA graphs captured for batch sizes: [1]
[serving] context=  32k prefill=102354.4 tok/s decode=307.6 tok/s peak=2.79 GiB
Loading weights from checkpoint: /home/sagemaker-user/.cache/huggingface/hub/models--ChavyvAkvar--atma-10b-L40S-mbs16-raven-native__reg-baseline__distr-0__mem-0__win-0/snapshots/875d1c6ab0603a8302a168736c2d9cab179b01c3/weights.pt
Warming up model...
Warmup complete.
Capturing CUDA graphs for decode...
CUDA graphs captured for batch sizes: [1]
[serving] context=  64k prefill=97527.1 tok/s decode=307.5 tok/s peak=4.77 GiB
Loading weights from checkpoint: /home/sagemaker-user/.cache/huggingface/hub/models--ChavyvAkvar--atma-10b-L40S-mbs16-raven-native__reg-baseline__distr-0__mem-0__win-0/snapshots/875d1c6ab0603a8302a168736c2d9cab179b01c3/weights.pt
Warming up model...
Warmup complete.
Capturing CUDA graphs for decode...
CUDA graphs captured for batch sizes: [1]
[serving] context= 128k prefill=96559.2 tok/s decode=306.1 tok/s peak=8.74 GiB
[run] done in 42.7s -> /home/sagemaker-user/atma/benchmarks/logs/atma_10b/serving_serving_generation_raven_native_619571dfb5.log
