[run] benchmark=serving model=/home/sagemaker-user/.cache/huggingface/hub/models--ChavyvAkvar--atma-10b-L40S-mbs16-atma-raven-titans__reg-baseline__distr-0__mem-1__win-0/snapshots/8427bfefc77ed199e912d31c80fd6ff0ea179876 tasks=[] lengths=['2k', '4k', '8k', '16k', '32k', '64k', '128k'] samples=100
Warning: You are sending unauthenticated requests to the HF Hub. Please set a HF_TOKEN to enable higher rate limits and faster downloads.
Loading weights from checkpoint: /home/sagemaker-user/.cache/huggingface/hub/models--ChavyvAkvar--atma-10b-L40S-mbs16-atma-raven-titans__reg-baseline__distr-0__mem-1__win-0/snapshots/8427bfefc77ed199e912d31c80fd6ff0ea179876/weights.pt
Warming up model...
Warmup complete.
Capturing CUDA graphs for decode...
CUDA graphs captured for batch sizes: [1]
[serving] context=   2k prefill=10333.6 tok/s decode=446.6 tok/s peak=0.89 GiB
Loading weights from checkpoint: /home/sagemaker-user/.cache/huggingface/hub/models--ChavyvAkvar--atma-10b-L40S-mbs16-atma-raven-titans__reg-baseline__distr-0__mem-1__win-0/snapshots/8427bfefc77ed199e912d31c80fd6ff0ea179876/weights.pt
Warming up model...
Warmup complete.
Capturing CUDA graphs for decode...
CUDA graphs captured for batch sizes: [1]
[serving] context=   4k prefill=100988.7 tok/s decode=445.1 tok/s peak=1.06 GiB
Loading weights from checkpoint: /home/sagemaker-user/.cache/huggingface/hub/models--ChavyvAkvar--atma-10b-L40S-mbs16-atma-raven-titans__reg-baseline__distr-0__mem-1__win-0/snapshots/8427bfefc77ed199e912d31c80fd6ff0ea179876/weights.pt
Warming up model...
Warmup complete.
Capturing CUDA graphs for decode...
CUDA graphs captured for batch sizes: [1]
[serving] context=   8k prefill=137902.7 tok/s decode=446.0 tok/s peak=1.30 GiB
Loading weights from checkpoint: /home/sagemaker-user/.cache/huggingface/hub/models--ChavyvAkvar--atma-10b-L40S-mbs16-atma-raven-titans__reg-baseline__distr-0__mem-1__win-0/snapshots/8427bfefc77ed199e912d31c80fd6ff0ea179876/weights.pt
Warming up model...
Warmup complete.
Capturing CUDA graphs for decode...
CUDA graphs captured for batch sizes: [1]
[serving] context=  16k prefill=147434.1 tok/s decode=447.1 tok/s peak=1.84 GiB
Loading weights from checkpoint: /home/sagemaker-user/.cache/huggingface/hub/models--ChavyvAkvar--atma-10b-L40S-mbs16-atma-raven-titans__reg-baseline__distr-0__mem-1__win-0/snapshots/8427bfefc77ed199e912d31c80fd6ff0ea179876/weights.pt
Warming up model...
Warmup complete.
Capturing CUDA graphs for decode...
CUDA graphs captured for batch sizes: [1]
[serving] context=  32k prefill=132916.4 tok/s decode=442.6 tok/s peak=2.90 GiB
Loading weights from checkpoint: /home/sagemaker-user/.cache/huggingface/hub/models--ChavyvAkvar--atma-10b-L40S-mbs16-atma-raven-titans__reg-baseline__distr-0__mem-1__win-0/snapshots/8427bfefc77ed199e912d31c80fd6ff0ea179876/weights.pt
Warming up model...
Warmup complete.
Capturing CUDA graphs for decode...
CUDA graphs captured for batch sizes: [1]
[serving] context=  64k prefill=131463.5 tok/s decode=444.8 tok/s peak=5.02 GiB
Loading weights from checkpoint: /home/sagemaker-user/.cache/huggingface/hub/models--ChavyvAkvar--atma-10b-L40S-mbs16-atma-raven-titans__reg-baseline__distr-0__mem-1__win-0/snapshots/8427bfefc77ed199e912d31c80fd6ff0ea179876/weights.pt
Warming up model...
Warmup complete.
Capturing CUDA graphs for decode...
CUDA graphs captured for batch sizes: [1]
[serving] context= 128k prefill=131195.0 tok/s decode=440.3 tok/s peak=9.27 GiB
[run] done in 41.0s -> /home/sagemaker-user/atma/benchmarks/logs/atma_10b/serving_serving_generation_atma_raven_titans_69d8c1967e.log
