[run] benchmark=retrieval model=/home/sagemaker-user/.cache/huggingface/hub/models--ChavyvAkvar--atma-10b-L40S-mbs16-atma-raven-titans__reg-baseline__distr-0__mem-1__win-0/snapshots/8427bfefc77ed199e912d31c80fd6ff0ea179876 tasks=['passkey', 'niah'] lengths=['2k', '8k'] samples=2
[retrieval] passkey len=  2k depth= 0.1: token_acc=60.0% exact=0.0% nll=1.4118
[retrieval] passkey len=  2k depth= 0.5: token_acc=70.0% exact=50.0% nll=1.3935
[retrieval] passkey len=  2k depth= 0.9: token_acc=60.0% exact=0.0% nll=1.4692
[retrieval] passkey len=  8k depth= 0.1: token_acc=50.0% exact=0.0% nll=1.5353
[retrieval] passkey len=  8k depth= 0.5: token_acc=60.0% exact=0.0% nll=1.6607
[retrieval] passkey len=  8k depth= 0.9: token_acc=70.0% exact=0.0% nll=1.4051
[retrieval]    niah len=  2k depth= 0.1: token_acc=70.0% exact=50.0% nll=1.3857
[retrieval]    niah len=  2k depth= 0.5: token_acc=70.0% exact=50.0% nll=1.3390
[retrieval]    niah len=  2k depth= 0.9: token_acc=70.0% exact=50.0% nll=1.2107
[retrieval]    niah len=  8k depth= 0.1: token_acc=30.0% exact=0.0% nll=1.8374
[retrieval]    niah len=  8k depth= 0.5: token_acc=40.0% exact=0.0% nll=1.9315
[retrieval]    niah len=  8k depth= 0.9: token_acc=40.0% exact=0.0% nll=1.7851

[retrieval] teacher-forced token accuracy %, per kind (rows=length, cols=depth):
  passkey:
    len     0.1    0.5    0.9
      2k   60.0   70.0   60.0
      8k   50.0   60.0   70.0
  niah:
    len     0.1    0.5    0.9
      2k   70.0   70.0   70.0
      8k   30.0   40.0   40.0

===RETRIEVAL_RESULTS_JSON===
{"benchmark": "retrieval", "protocol": "teacher-forced-needle-v2", "kinds": ["passkey", "niah"], "lengths": ["2k", "8k"], "depths": [0.1, 0.5, 0.9], "num_samples": 2, "value_tokens": 5, "seed": 1234, "paired_across_lengths_and_depths": true, "haystack": "synthetic-filler", "haystack_revision": null, "results": {"passkey": {"2k": {"0.1": 60.0, "0.5": 70.0, "0.9": 60.0}, "8k": {"0.1": 50.0, "0.5": 60.0, "0.9": 70.0}}, "niah": {"2k": {"0.1": 70.0, "0.5": 70.0, "0.9": 70.0}, "8k": {"0.1": 30.0, "0.5": 40.0, "0.9": 40.0}}}, "exact_results": {"passkey": {"2k": {"0.1": 0.0, "0.5": 50.0, "0.9": 0.0}, "8k": {"0.1": 0.0, "0.5": 0.0, "0.9": 0.0}}, "niah": {"2k": {"0.1": 50.0, "0.5": 50.0, "0.9": 50.0}, "8k": {"0.1": 0.0, "0.5": 0.0, "0.9": 0.0}}}, "nll_results": {"passkey": {"2k": {"0.1": 1.4117687702178956, "0.5": 1.39347562789917, "0.9": 1.4692152976989745}, "8k": {"0.1": 1.5352988243103027, "0.5": 1.6607364654541015, "0.9": 1.4051132202148438}}, "niah": {"2k": {"0.1": 1.385713768005371, "0.5": 1.339023971557617, "0.9": 1.2106857299804688}, "8k": {"0.1": 1.8373656272888184, "0.5": 1.9314534187316894, "0.9": 1.7851210594177247}}}, "oom_cells": [], "elapsed_s": 6.9, "unsupported_checkpoint": false, "model_config": {"arch_type": "atma_raven_titans", "attn_type": "atma_raven_titans", "reg_mode": "baseline", "distractor": false, "memory": true, "window": false, "vocab_size": 50304, "hidden_size": 1024, "num_hidden_layers": 16, "num_heads": 8, "num_kv_heads": 2, "atma_head_match": true, "num_slots": 256, "topk": 32, "feature_map": "swish", "router_score": "sigmoid", "router_type": "lin", "decay_type": "Mamba2", "add_gumbel_noise": true, "bias_rmm": false, "gate_logit_normalizer": 8, "conv_kernel_size": 3, "seq_len": 2048, "num_chunks": 99, "batch_size": 524288, "val_tokens": 2097152, "mbs": 16, "cooldown_frac": 0.7, "sketch_dim": 64, "sigr_alpha_on": 0.01, "dist_align_weight_on": 0.01, "optimizer": "adamw_raven", "adamw_lr": 0.0003, "adamw_lr_min_frac": 0.1, "adamw_warmup_frac": 0.05, "adamw_beta1": 0.9, "adamw_beta2": 0.95, "adamw_eps": 1e-15, "adamw_weight_decay": 0.1, "skip_nan_inf": true, "compile_model": true, "mem_chunk": 128, "mem_gamma_bias": 3.9, "mem_beta_bias": 0.0, "mem_kernel": "auto", "fla_custom_op": true, "eval_lengths": [2048, 4096, 8192, 16384, 32768, 65536, 131072, 262144], "needle_distances": [2048, 4096, 8192, 16384, 32768, 65536, 131072, 262144], "clean_dataset": "codelion/finepdfs-1B", "val_data": "finewebedu10B/finewebedu_val_*.bin", "num_eval_docs": 64, "num_needle_trials": 64, "needle_val_len": 5, "run_id": "atma_raven_titans__reg-baseline__distr-0__mem-1__win-0", "comparison_group": "raven_scaled_promotion", "mixer_ratio": "12_lfm2_4_raven", "num_random_keys": 0, "dist_align_loss_weight": 0.0, "sigr_alpha": 0.0, "attn_window": null, "mem_enabled": true}, "model_unsupported": [], "serving_metrics": null}
===END===
[run] done in 6.9s -> /home/sagemaker-user/atma/benchmarks/logs/atma_10b/smoke_retrieval_synthetic_atma_raven_titans_53b1d2694a.log
